###############################################################################
#
# IAR ELF Linker V8.30.1.114/W32 for ARM                  17/Nov/2019  16:09:08
# Copyright 2007-2018 IAR Systems AB.
#
#    Output file  =  
#        D:\智能车\麦轮信标\程序\RT1052library_cpp-rtos\project\IAR\Debug\Exe\RT1052WithCPP.out
#    Map file     =  
#        D:\智能车\麦轮信标\程序\RT1052library_cpp-rtos\project\IAR\Debug\List\RT1052WithCPP.map
#    Command line =  
#        -f C:\Users\zhuzh\AppData\Local\Temp\EWFE67.tmp
#        (D:\智能车\麦轮信标\程序\RT1052library_cpp-rtos\project\IAR\Debug\Obj\AHRS.o
#        D:\智能车\麦轮信标\程序\RT1052library_cpp-rtos\project\IAR\Debug\Obj\AP_Math.o
#        D:\智能车\麦轮信标\程序\RT1052library_cpp-rtos\project\IAR\Debug\Obj\board.o
#        D:\智能车\麦轮信标\程序\RT1052library_cpp-rtos\project\IAR\Debug\Obj\clock_config.o
#        D:\智能车\麦轮信标\程序\RT1052library_cpp-rtos\project\IAR\Debug\Obj\croutine.o
#        D:\智能车\麦轮信标\程序\RT1052library_cpp-rtos\project\IAR\Debug\Obj\DebugFuction.o
#        D:\智能车\麦轮信标\程序\RT1052library_cpp-rtos\project\IAR\Debug\Obj\event_groups.o
#        D:\智能车\麦轮信标\程序\RT1052library_cpp-rtos\project\IAR\Debug\Obj\fsl_adc.o
#        D:\智能车\麦轮信标\程序\RT1052library_cpp-rtos\project\IAR\Debug\Obj\fsl_assert.o
#        D:\智能车\麦轮信标\程序\RT1052library_cpp-rtos\project\IAR\Debug\Obj\fsl_clock.o
#        D:\智能车\麦轮信标\程序\RT1052library_cpp-rtos\project\IAR\Debug\Obj\fsl_common.o
#        D:\智能车\麦轮信标\程序\RT1052library_cpp-rtos\project\IAR\Debug\Obj\fsl_csi.o
#        D:\智能车\麦轮信标\程序\RT1052library_cpp-rtos\project\IAR\Debug\Obj\fsl_debug_console.o
#        D:\智能车\麦轮信标\程序\RT1052library_cpp-rtos\project\IAR\Debug\Obj\fsl_dmamux.o
#        D:\智能车\麦轮信标\程序\RT1052library_cpp-rtos\project\IAR\Debug\Obj\fsl_edma.o
#        D:\智能车\麦轮信标\程序\RT1052library_cpp-rtos\project\IAR\Debug\Obj\fsl_enc.o
#        D:\智能车\麦轮信标\程序\RT1052library_cpp-rtos\project\IAR\Debug\Obj\fsl_flexio.o
#        D:\智能车\麦轮信标\程序\RT1052library_cpp-rtos\project\IAR\Debug\Obj\fsl_flexio_spi.o
#        D:\智能车\麦轮信标\程序\RT1052library_cpp-rtos\project\IAR\Debug\Obj\fsl_flexio_spi_edma.o
#        D:\智能车\麦轮信标\程序\RT1052library_cpp-rtos\project\IAR\Debug\Obj\fsl_gpio.o
#        D:\智能车\麦轮信标\程序\RT1052library_cpp-rtos\project\IAR\Debug\Obj\fsl_gpt.o
#        D:\智能车\麦轮信标\程序\RT1052library_cpp-rtos\project\IAR\Debug\Obj\fsl_io.o
#        D:\智能车\麦轮信标\程序\RT1052library_cpp-rtos\project\IAR\Debug\Obj\fsl_log.o
#        D:\智能车\麦轮信标\程序\RT1052library_cpp-rtos\project\IAR\Debug\Obj\fsl_lpi2c.o
#        D:\智能车\麦轮信标\程序\RT1052library_cpp-rtos\project\IAR\Debug\Obj\fsl_lpspi.o
#        D:\智能车\麦轮信标\程序\RT1052library_cpp-rtos\project\IAR\Debug\Obj\fsl_lpspi_edma.o
#        D:\智能车\麦轮信标\程序\RT1052library_cpp-rtos\project\IAR\Debug\Obj\fsl_lpuart.o
#        D:\智能车\麦轮信标\程序\RT1052library_cpp-rtos\project\IAR\Debug\Obj\fsl_lpuart_edma.o
#        D:\智能车\麦轮信标\程序\RT1052library_cpp-rtos\project\IAR\Debug\Obj\fsl_pit.o
#        D:\智能车\麦轮信标\程序\RT1052library_cpp-rtos\project\IAR\Debug\Obj\fsl_pwm.o
#        D:\智能车\麦轮信标\程序\RT1052library_cpp-rtos\project\IAR\Debug\Obj\fsl_qtmr.o
#        D:\智能车\麦轮信标\程序\RT1052library_cpp-rtos\project\IAR\Debug\Obj\fsl_sccb.o
#        D:\智能车\麦轮信标\程序\RT1052library_cpp-rtos\project\IAR\Debug\Obj\fsl_semc.o
#        D:\智能车\麦轮信标\程序\RT1052library_cpp-rtos\project\IAR\Debug\Obj\fsl_str.o
#        D:\智能车\麦轮信标\程序\RT1052library_cpp-rtos\project\IAR\Debug\Obj\fsl_tickless_systick.o
#        D:\智能车\麦轮信标\程序\RT1052library_cpp-rtos\project\IAR\Debug\Obj\fsl_trng.o
#        D:\智能车\麦轮信标\程序\RT1052library_cpp-rtos\project\IAR\Debug\Obj\fsl_usdhc.o
#        D:\智能车\麦轮信标\程序\RT1052library_cpp-rtos\project\IAR\Debug\Obj\fsl_wdog.o
#        D:\智能车\麦轮信标\程序\RT1052library_cpp-rtos\project\IAR\Debug\Obj\fsl_xbara.o
#        D:\智能车\麦轮信标\程序\RT1052library_cpp-rtos\project\IAR\Debug\Obj\heap_4.o
#        D:\智能车\麦轮信标\程序\RT1052library_cpp-rtos\project\IAR\Debug\Obj\Inertial_Sensor.o
#        D:\智能车\麦轮信标\程序\RT1052library_cpp-rtos\project\IAR\Debug\Obj\list.o
#        D:\智能车\麦轮信标\程序\RT1052library_cpp-rtos\project\IAR\Debug\Obj\LQ_ADC.o
#        D:\智能车\麦轮信标\程序\RT1052library_cpp-rtos\project\IAR\Debug\Obj\LQ_Encoder.o
#        D:\智能车\麦轮信标\程序\RT1052library_cpp-rtos\project\IAR\Debug\Obj\LQ_IIC.o
#        D:\智能车\麦轮信标\程序\RT1052library_cpp-rtos\project\IAR\Debug\Obj\LQ_KEY.o
#        D:\智能车\麦轮信标\程序\RT1052library_cpp-rtos\project\IAR\Debug\Obj\LQ_LED.o
#        D:\智能车\麦轮信标\程序\RT1052library_cpp-rtos\project\IAR\Debug\Obj\LQ_MPU6050.o
#        D:\智能车\麦轮信标\程序\RT1052library_cpp-rtos\project\IAR\Debug\Obj\LQ_PIT.o
#        D:\智能车\麦轮信标\程序\RT1052library_cpp-rtos\project\IAR\Debug\Obj\LQ_PWM.o
#        D:\智能车\麦轮信标\程序\RT1052library_cpp-rtos\project\IAR\Debug\Obj\LQ_QTMR.o
#        D:\智能车\麦轮信标\程序\RT1052library_cpp-rtos\project\IAR\Debug\Obj\LQ_SGP18T.o
#        D:\智能车\麦轮信标\程序\RT1052library_cpp-rtos\project\IAR\Debug\Obj\LQ_SPI.o
#        D:\智能车\麦轮信标\程序\RT1052library_cpp-rtos\project\IAR\Debug\Obj\LQ_TRNG.o
#        D:\智能车\麦轮信标\程序\RT1052library_cpp-rtos\project\IAR\Debug\Obj\LQ_UART.o
#        D:\智能车\麦轮信标\程序\RT1052library_cpp-rtos\project\IAR\Debug\Obj\LQ_WDog.o
#        D:\智能车\麦轮信标\程序\RT1052library_cpp-rtos\project\IAR\Debug\Obj\m_systime.o
#        D:\智能车\麦轮信标\程序\RT1052library_cpp-rtos\project\IAR\Debug\Obj\main.o
#        D:\智能车\麦轮信标\程序\RT1052library_cpp-rtos\project\IAR\Debug\Obj\Pig_SPI.o
#        D:\智能车\麦轮信标\程序\RT1052library_cpp-rtos\project\IAR\Debug\Obj\Pig_UART.o
#        D:\智能车\麦轮信标\程序\RT1052library_cpp-rtos\project\IAR\Debug\Obj\pin_mux.o
#        D:\智能车\麦轮信标\程序\RT1052library_cpp-rtos\project\IAR\Debug\Obj\port.o
#        D:\智能车\麦轮信标\程序\RT1052library_cpp-rtos\project\IAR\Debug\Obj\portasm.o
#        D:\智能车\麦轮信标\程序\RT1052library_cpp-rtos\project\IAR\Debug\Obj\queue.o
#        D:\智能车\麦轮信标\程序\RT1052library_cpp-rtos\project\IAR\Debug\Obj\startup_MIMXRT1052.o
#        D:\智能车\麦轮信标\程序\RT1052library_cpp-rtos\project\IAR\Debug\Obj\status.o
#        D:\智能车\麦轮信标\程序\RT1052library_cpp-rtos\project\IAR\Debug\Obj\system_MIMXRT1052.o
#        D:\智能车\麦轮信标\程序\RT1052library_cpp-rtos\project\IAR\Debug\Obj\tasks.o
#        D:\智能车\麦轮信标\程序\RT1052library_cpp-rtos\project\IAR\Debug\Obj\TFTDriver.o
#        D:\智能车\麦轮信标\程序\RT1052library_cpp-rtos\project\IAR\Debug\Obj\timers.o
#        --no_out_extension -o
#        D:\智能车\麦轮信标\程序\RT1052library_cpp-rtos\project\IAR\Debug\Exe\RT1052WithCPP.out
#        --redirect _Printf=_PrintfFullNoMb --redirect _Scanf=_ScanfFullNoMb
#        --map
#        D:\智能车\麦轮信标\程序\RT1052library_cpp-rtos\project\IAR\Debug\List\RT1052WithCPP.map
#        --config
#        D:\智能车\麦轮信标\程序\RT1052library_cpp-rtos\project\IAR\..\..\base\icf\LQ_RT1052QSPI_Boot.icf
#        --semihosting --entry __iar_program_start "C:\Program Files (x86)\IAR
#        Systems\Embedded Workbench
#        8.1\arm\CMSIS\Lib\IAR\iar_cortexM7lf_math.a" --vfe --text_out locale)
#
###############################################################################

*******************************************************************************
*** RUNTIME MODEL ATTRIBUTES
***

CppFlavor        = *
__CPP_Exceptions = *
__CPP_Language   = C++14
__Heap_Handler   = DLMalloc
__SystemLibrary  = DLib
__dlib_version   = 6


*******************************************************************************
*** HEAP SELECTION
***

The advanced heap was selected because the application calls memory
allocation functions outside of system library functions, and there
are calls to deallocation functions in the application.


*******************************************************************************
*** PLACEMENT SUMMARY
***

"A0":  place at 0x6000'2000 { ro section .intvec };
"P1":  place in [from 0x6000'2000 to 0x6000'23ff] |
                [from 0x6000'2400 to 0x63ff'ffff] { ro };
define block RW { first rw, section m_usb_dma_init_data };
"P2":  place in [from 0x2000'0000 to 0x2001'7fff] { block RW };
define block ZI
   with alignment = 32 { first zi, section m_usb_dma_noninit_data };
"P3":  place in [from 0x2000'0000 to 0x2001'7fff] { block ZI };
define block CSTACK with size = 32K, alignment = 8 { };
"P5":  place in [from 0x2001'8000 to 0x2001'ffff] { block CSTACK };
initialize by copy { rw, section .textrw };

No sections matched the following patterns:

  ro section .boot_hdr.boot_data  in "A3"
  ro section .boot_hdr.dcd_data   in "A4"
  section .boot_hdr.conf          in "A1"
  section .boot_hdr.ivt           in "A2"
  section NonCacheable            in block NCACHE_VAR
  section NonCacheable.init       in block NCACHE_VAR
  section m_usb_dma_init_data     in block RW
  section m_usb_dma_noninit_data  in block ZI


  Section            Kind         Address    Size  Object
  -------            ----         -------    ----  ------
"P2-P3", part 1 of 2:                         0xc
  RW                          0x2000'0000     0xc  <Block>
    RW-1                      0x2000'0000     0xc  <Init block>
      .data          inited   0x2000'0000     0x4  LQ_LED.o [1]
      .data          inited   0x2000'0004     0x4  port.o [1]
      .data          inited   0x2000'0008     0x4  system_MIMXRT1052.o [1]
                            - 0x2000'000c     0xc

"P2-P3", part 2 of 2:                      0x29bc
  ZI                          0x2000'0020  0x29bc  <Block>
    .bss             zero     0x2000'0020     0x4  fsl_clock.o [1]
    .bss             zero     0x2000'0024     0x4  fsl_clock.o [1]
    .bss             zero     0x2000'0028     0x8  fsl_io.o [1]
    .bss             zero     0x2000'0030  0x2800  heap_4.o [1]
    .bss             zero     0x2000'2830     0x8  heap_4.o [1]
    .bss             zero     0x2000'2838     0x4  heap_4.o [1]
    .bss             zero     0x2000'283c     0x4  heap_4.o [1]
    .bss             zero     0x2000'2840     0x4  heap_4.o [1]
    .bss             zero     0x2000'2844     0x4  heap_4.o [1]
    .bss             zero     0x2000'2848     0x4  main.o [1]
    .bss             zero     0x2000'284c     0x8  main.o [1]
    .bss             zero     0x2000'2854     0x1  port.o [1]
    .bss             zero     0x2000'2858     0x4  port.o [1]
    .bss             zero     0x2000'285c    0x40  queue.o [1]
    .bss             zero     0x2000'289c     0x4  tasks.o [1]
    .bss             zero     0x2000'28a0    0x64  tasks.o [1]
    .bss             zero     0x2000'2904    0x14  tasks.o [1]
    .bss             zero     0x2000'2918    0x14  tasks.o [1]
    .bss             zero     0x2000'292c     0x4  tasks.o [1]
    .bss             zero     0x2000'2930     0x4  tasks.o [1]
    .bss             zero     0x2000'2934    0x14  tasks.o [1]
    .bss             zero     0x2000'2948    0x14  tasks.o [1]
    .bss             zero     0x2000'295c     0x4  tasks.o [1]
    .bss             zero     0x2000'2960    0x14  tasks.o [1]
    .bss             zero     0x2000'2974     0x4  tasks.o [1]
    .bss             zero     0x2000'2978     0x4  tasks.o [1]
    .bss             zero     0x2000'297c     0x4  tasks.o [1]
    .bss             zero     0x2000'2980     0x4  tasks.o [1]
    .bss             zero     0x2000'2984     0x4  tasks.o [1]
    .bss             zero     0x2000'2988     0x4  tasks.o [1]
    .bss             zero     0x2000'298c     0x4  tasks.o [1]
    .bss             zero     0x2000'2990     0x4  tasks.o [1]
    .bss             zero     0x2000'2994     0x4  tasks.o [1]
    .bss             zero     0x2000'2998     0x4  tasks.o [1]
    .bss             zero     0x2000'299c     0x4  tasks.o [1]
    .bss             zero     0x2000'29a0    0x14  timers.o [1]
    .bss             zero     0x2000'29b4    0x14  timers.o [1]
    .bss             zero     0x2000'29c8     0x4  timers.o [1]
    .bss             zero     0x2000'29cc     0x4  timers.o [1]
    .bss             zero     0x2000'29d0     0x4  timers.o [1]
    .bss             zero     0x2000'29d4     0x4  timers.o [1]
    .bss             zero     0x2000'29d8     0x4  timers.o [1]
                            - 0x2000'29dc  0x29bc

"P5":                                      0x8000
  CSTACK                      0x2001'8000  0x8000  <Block>
    CSTACK           uninit   0x2001'8000  0x8000  <Block tail>
                            - 0x2002'0000  0x8000

"A0":                                       0x400
  .intvec            ro code  0x6000'2000   0x400  startup_MIMXRT1052.o [1]
                            - 0x6000'2400   0x400

"P1":                                      0x4760
  .text              ro code  0x6000'2400   0x998  tasks.o [1]
  .text              ro code  0x6000'2d98   0x248  heap_4.o [1]
  .text              ro code  0x6000'2fe0    0x66  ABImemset.o [5]
  .text              ro code  0x6000'3046    0x98  list.o [1]
  .text              ro code  0x6000'30de    0x3a  zero_init3.o [5]
  .text              ro code  0x6000'3118   0x20c  port.o [1]
  .text              ro code  0x6000'3324   0x400  timers.o [1]
  .text              ro code  0x6000'3724    0x30  fsl_tickless_systick.o [1]
  CODE               ro code  0x6000'3754    0xa8  portasm.o [1]
  .text              ro code  0x6000'37fc   0x6fe  queue.o [1]
  .text              ro code  0x6000'3efa     0x2  startup_MIMXRT1052.o [1]
  .text              ro code  0x6000'3efc    0xa6  ABImemcpy.o [5]
  .text              ro code  0x6000'3fa2     0x2  startup_MIMXRT1052.o [1]
  .text              ro code  0x6000'3fa4   0x5b8  pin_mux.o [1]
  .text              ro code  0x6000'455c    0x18  fsl_assert.o [1]
  .text              ro code  0x6000'4574    0xaa  fsl_debug_console.o [1]
  .text              ro code  0x6000'461e     0x2  startup_MIMXRT1052.o [1]
  .text              ro code  0x6000'4620    0x70  fsl_log.o [1]
  .text              ro code  0x6000'4690     0x6  ABImemclr4.o [5]
  .text              ro code  0x6000'4696   0x2d2  fsl_str.o [1]
  .text              ro code  0x6000'4968    0xc8  fsl_io.o [1]
  .text              ro code  0x6000'4a30    0x32  ABImemset48.o [5]
  .text              ro code  0x6000'4a62     0x2  startup_MIMXRT1052.o [1]
  .text              ro code  0x6000'4a64    0x36  strlen.o [5]
  .text              ro code  0x6000'4a9a     0x2  startup_MIMXRT1052.o [1]
  .text              ro code  0x6000'4a9c   0x4a0  fsl_lpuart.o [1]
  .text              ro code  0x6000'4f3c   0x40c  clock_config.o [1]
  .text              ro code  0x6000'5348   0x2f8  fsl_clock.o [1]
  .text              ro code  0x6000'5640   0x230  I64DivMod.o [5]
  .text              ro code  0x6000'5870     0x2  I64DivZer.o [5]
  .text              ro code  0x6000'5872     0x2  startup_MIMXRT1052.o [1]
  .text              ro code  0x6000'5874   0x324  LQ_LED.o [1]
  .text              ro code  0x6000'5b98   0x228  fsl_gpio.o [1]
  .text              ro code  0x6000'5dc0   0x300  board.o [1]
  .text              ro code  0x6000'60c0   0x12a  system_MIMXRT1052.o [1]
  .rodata            const    0x6000'61ea     0x1  clock_config.o [1]
  .rodata            const    0x6000'61eb     0x1  unwind_debug.o [6]
  .text              ro code  0x6000'61ec   0x11c  main.o [1]
  .rodata            const    0x6000'6308    0x5c  fsl_debug_console.o [1]
  .rodata            const    0x6000'6364    0x54  fsl_io.o [1]
  .rodata            const    0x6000'63b8    0x54  fsl_log.o [1]
  .rodata            const    0x6000'640c    0x54  fsl_lpuart.o [1]
  .rodata            const    0x6000'6460    0x50  clock_config.o [1]
  .rodata            const    0x6000'64b0    0x50  fsl_gpio.o [1]
  .rodata            const    0x6000'6500    0x50  fsl_gpio.o [1]
  .rodata            const    0x6000'6550    0x50  fsl_gpio.o [1]
  .rodata            const    0x6000'65a0    0x50  fsl_lpuart.o [1]
  .rodata            const    0x6000'65f0    0x50  LQ_LED.o [1]
  .rodata            const    0x6000'6640    0x50  pin_mux.o [1]
  .rodata            const    0x6000'6690    0x40  fsl_lpuart.o [1]
  .rodata            const    0x6000'66d0    0x3c  fsl_gpio.o [1]
  .rodata            const    0x6000'670c    0x2c  fsl_assert.o [1]
  .text              ro code  0x6000'6738    0x2c  copy_init3.o [5]
  .text              ro code  0x6000'6764    0x28  startup_MIMXRT1052.o [1]
  .text              ro code  0x6000'678c    0x28  data_init.o [5]
  .rodata            const    0x6000'67b4    0x24  fsl_lpuart.o [1]
  .text              ro code  0x6000'67d8    0x22  fpinit_M.o [4]
  .iar.init_table    const    0x6000'67fc    0x24  - Linker created -
  .rodata            const    0x6000'6820    0x20  fsl_lpuart.o [1]
  .rodata            const    0x6000'6840    0x20  fsl_lpuart.o [1]
  .text              ro code  0x6000'6860    0x1e  cmain.o [5]
  .text              ro code  0x6000'687e     0x4  low_level_init.o [2]
  .text              ro code  0x6000'6882     0x4  exit.o [2]
  .text              ro code  0x6000'6888     0xa  cexit.o [5]
  .text              ro code  0x6000'6894    0x14  exit.o [6]
  .rodata            const    0x6000'68a8    0x18  clock_config.o [1]
  .rodata            const    0x6000'68c0    0x18  fsl_gpio.o [1]
  .rodata            const    0x6000'68d8    0x18  fsl_lpuart.o [1]
  .rodata            const    0x6000'68f0    0x14  fsl_lpuart.o [1]
  .rodata            const    0x6000'6904    0x10  fsl_clock.o [1]
  .rodata            const    0x6000'6914    0x10  fsl_debug_console.o [1]
  .rodata            const    0x6000'6924     0xc  clock_config.o [1]
  .rodata            const    0x6000'6930     0xc  fsl_gpio.o [1]
  .rodata            const    0x6000'693c     0xc  fsl_gpio.o [1]
  .rodata            const    0x6000'6948     0xc  fsl_gpio.o [1]
  .rodata            const    0x6000'6954     0xc  fsl_log.o [1]
  .rodata            const    0x6000'6960     0xc  fsl_lpuart.o [1]
  .rodata            const    0x6000'696c     0xc  LQ_LED.o [1]
  .rodata            const    0x6000'6978     0xc  pin_mux.o [1]
  .text              ro code  0x6000'6984     0xc  cstartup_M.o [5]
  Initializer bytes  const    0x6000'6990     0xc  <for RW-1>
  .rodata            const    0x6000'699c     0x8  fsl_io.o [1]
  .rodata            const    0x6000'69a4     0x8  fsl_lpuart.o [1]
  .rodata            const    0x6000'69ac     0x8  fsl_lpuart.o [1]
  .rodata            const    0x6000'69b4     0x8  main.o [1]
  .rodata            const    0x6000'69bc     0x8  main.o [1]
  .rodata            const    0x6000'69c4     0x8  tasks.o [1]
  .rodata            const    0x6000'69cc     0x8  timers.o [1]
  .rodata            const    0x6000'69d4     0x8  timers.o [1]
  .text              ro code  0x6000'69dc     0x8  startup_MIMXRT1052.o [1]
  .text              ro code  0x6000'69e4     0x8  startup_MIMXRT1052.o [1]
  .text              ro code  0x6000'69ec     0x8  startup_MIMXRT1052.o [1]
  .text              ro code  0x6000'69f4     0x8  startup_MIMXRT1052.o [1]
  .text              ro code  0x6000'69fc     0x8  startup_MIMXRT1052.o [1]
  .text              ro code  0x6000'6a04     0x8  startup_MIMXRT1052.o [1]
  .text              ro code  0x6000'6a0c     0x8  startup_MIMXRT1052.o [1]
  .text              ro code  0x6000'6a14     0x8  startup_MIMXRT1052.o [1]
  .text              ro code  0x6000'6a1c     0x8  startup_MIMXRT1052.o [1]
  .text              ro code  0x6000'6a24     0x8  startup_MIMXRT1052.o [1]
  .text              ro code  0x6000'6a2c     0x8  startup_MIMXRT1052.o [1]
  .text              ro code  0x6000'6a34     0x8  startup_MIMXRT1052.o [1]
  .text              ro code  0x6000'6a3c     0x8  startup_MIMXRT1052.o [1]
  .text              ro code  0x6000'6a44     0x8  startup_MIMXRT1052.o [1]
  .text              ro code  0x6000'6a4c     0x8  startup_MIMXRT1052.o [1]
  .text              ro code  0x6000'6a54     0x8  startup_MIMXRT1052.o [1]
  .text              ro code  0x6000'6a5c     0x8  startup_MIMXRT1052.o [1]
  .text              ro code  0x6000'6a64     0x8  startup_MIMXRT1052.o [1]
  .text              ro code  0x6000'6a6c     0x8  startup_MIMXRT1052.o [1]
  .text              ro code  0x6000'6a74     0x8  startup_MIMXRT1052.o [1]
  .text              ro code  0x6000'6a7c     0x8  startup_MIMXRT1052.o [1]
  .text              ro code  0x6000'6a84     0x8  startup_MIMXRT1052.o [1]
  .text              ro code  0x6000'6a8c     0x8  startup_MIMXRT1052.o [1]
  .text              ro code  0x6000'6a94     0x8  startup_MIMXRT1052.o [1]
  .text              ro code  0x6000'6a9c     0x8  startup_MIMXRT1052.o [1]
  .text              ro code  0x6000'6aa4     0x8  startup_MIMXRT1052.o [1]
  .text              ro code  0x6000'6aac     0x8  startup_MIMXRT1052.o [1]
  .text              ro code  0x6000'6ab4     0x8  startup_MIMXRT1052.o [1]
  .text              ro code  0x6000'6abc     0x8  startup_MIMXRT1052.o [1]
  .text              ro code  0x6000'6ac4     0x8  startup_MIMXRT1052.o [1]
  .text              ro code  0x6000'6acc     0x8  startup_MIMXRT1052.o [1]
  .text              ro code  0x6000'6ad4     0x8  startup_MIMXRT1052.o [1]
  .text              ro code  0x6000'6adc     0x8  startup_MIMXRT1052.o [1]
  .text              ro code  0x6000'6ae4     0x8  startup_MIMXRT1052.o [1]
  .text              ro code  0x6000'6aec     0x8  startup_MIMXRT1052.o [1]
  .text              ro code  0x6000'6af4     0x8  startup_MIMXRT1052.o [1]
  .text              ro code  0x6000'6afc     0x8  startup_MIMXRT1052.o [1]
  .text              ro code  0x6000'6b04     0x8  startup_MIMXRT1052.o [1]
  .text              ro code  0x6000'6b0c     0x8  startup_MIMXRT1052.o [1]
  .text              ro code  0x6000'6b14     0x8  startup_MIMXRT1052.o [1]
  .text              ro code  0x6000'6b1c     0x8  startup_MIMXRT1052.o [1]
  .text              ro code  0x6000'6b24     0x8  startup_MIMXRT1052.o [1]
  .text              ro code  0x6000'6b2c     0x8  startup_MIMXRT1052.o [1]
  .text              ro code  0x6000'6b34     0x8  startup_MIMXRT1052.o [1]
  .text              ro code  0x6000'6b3c     0x8  startup_MIMXRT1052.o [1]
  .text              ro code  0x6000'6b44     0x8  startup_MIMXRT1052.o [1]
  .text              ro code  0x6000'6b4c     0x8  startup_MIMXRT1052.o [1]
  .rodata            const    0x6000'6b54     0x4  clock_config.o [1]
  .rodata            const    0x6000'6b58     0x4  port.o [1]
  .text              ro code  0x6000'6b5c     0x4  startup_MIMXRT1052.o [1]
  .rodata            const    0x6000'6b60     0x0  zero_init3.o [5]
  .rodata            const    0x6000'6b60     0x0  copy_init3.o [5]
                            - 0x6000'6b60  0x4760

Unused ranges:

         From           To        Size
         ----           --        ----
  0x2000'000c  0x2000'001f        0x14
  0x2000'29dc  0x2001'7fff    0x1'5624
  0x6000'6b60  0x63ff'ffff  0x3ff'94a0


*******************************************************************************
*** INIT TABLE
***

          Address      Size
          -------      ----
Zero (__iar_zero_init3)
    1 destination range, total size 0x29bc:
          0x2000'0020  0x29bc

Copy (__iar_copy_init3)
    1 source range, total size 0xc:
          0x6000'6990     0xc
    1 destination range, total size 0xc:
          0x2000'0000     0xc



*******************************************************************************
*** MODULE SUMMARY
***

    Module                  ro code  ro data  rw data
    ------                  -------  -------  -------
command line/config:
    -------------------------------------------------
    Total:

D:\智能车\麦轮信标\程序\RT1052library_cpp-rtos\project\IAR\Debug\Obj: [1]
    LQ_LED.o                    804       96        4
    board.o                     768
    clock_config.o            1 036      121
    fsl_assert.o                 24       44
    fsl_clock.o                 760       16        8
    fsl_debug_console.o         170      108
    fsl_gpio.o                  552      360
    fsl_io.o                    200       92        8
    fsl_log.o                   112       96
    fsl_lpuart.o              1 184      400
    fsl_str.o                   722
    fsl_tickless_systick.o       48
    heap_4.o                    584            10 264
    list.o                      152
    main.o                      284       16       12
    pin_mux.o                 1 464       92
    port.o                      524        8        9
    portasm.o                   168
    queue.o                   1 790                64
    startup_MIMXRT1052.o      1 456
    system_MIMXRT1052.o         298        4        4
    tasks.o                   2 456        8      260
    timers.o                  1 024       16       60
    -------------------------------------------------
    Total:                   16 580    1 477   10 693

dl7M_tlf.a: [2]
    exit.o                        4
    low_level_init.o              4
    -------------------------------------------------
    Total:                        8

dlpp7M_tl_fc.a: [3]
    -------------------------------------------------
    Total:

m7M_tlv.a: [4]
    fpinit_M.o                   34
    -------------------------------------------------
    Total:                       34

rt7M_tl.a: [5]
    ABImemclr4.o                  6
    ABImemcpy.o                 166
    ABImemset.o                 102
    ABImemset48.o                50
    I64DivMod.o                 560
    I64DivZer.o                   2
    cexit.o                      10
    cmain.o                      30
    copy_init3.o                 44
    cstartup_M.o                 12
    data_init.o                  40
    strlen.o                     54
    zero_init3.o                 58
    -------------------------------------------------
    Total:                    1 134

shb_l.a: [6]
    exit.o                       20
    unwind_debug.o                         1
    -------------------------------------------------
    Total:                       20        1

    Gaps                          4        2        3
    Linker created                        36   32 768
-----------------------------------------------------
    Grand Total:             17 780    1 516   43 464


*******************************************************************************
*** ENTRY LIST
***

Entry                       Address    Size  Type      Object
-----                       -------    ----  ----      ------
.iar.init_table$$Base   0x6000'67fc           --   Gb  - Linker created -
.iar.init_table$$Limit  0x6000'6820           --   Gb  - Linker created -
?main                   0x6000'6861          Code  Gb  cmain.o [5]
BOARD_BootClockRUN      0x6000'5019   0x22c  Code  Gb  clock_config.o [1]
BOARD_ConfigMPU         0x6000'5fd1    0x74  Code  Gb  board.o [1]
BOARD_DebugConsoleSrcFreq
                        0x6000'5f77    0x42  Code  Gb  board.o [1]
BOARD_InitDEBUG_UARTPins()
                        0x6000'401f    0x64  Code  Gb  pin_mux.o [1]
BOARD_InitDebugConsole  0x6000'5fb9    0x18  Code  Gb  board.o [1]
BOARD_InitSDRAMPins()   0x6000'409d   0x384  Code  Gb  pin_mux.o [1]
CLOCK_GetPllFreq        0x6000'53ed   0x1c6  Code  Gb  fsl_clock.o [1]
CLOCK_InitArmPll        0x6000'53a3    0x18  Code  Gb  fsl_clock.o [1]
CLOCK_InitSysPfd        0x6000'55b3    0x3a  Code  Gb  fsl_clock.o [1]
CLOCK_InitSysPll        0x6000'53bb    0x18  Code  Gb  fsl_clock.o [1]
CLOCK_InitUsb1Pll       0x6000'53d3    0x1a  Code  Gb  fsl_clock.o [1]
CSTACK$$Base            0x2001'8000           --   Gb  - Linker created -
CSTACK$$Limit           0x2002'0000           --   Gb  - Linker created -
DbgConsole_Init         0x6000'4575    0x30  Code  Gb  fsl_debug_console.o [1]
DbgConsole_Printf       0x6000'45ad    0x32  Code  Gb  fsl_debug_console.o [1]
GPIO_Output_Config      0x2000'0000     0x4  Data  Gb  LQ_LED.o [1]
GPIO_PinInit            0x6000'5c3d    0x54  Code  Gb  fsl_gpio.o [1]
GPIO_PinReverse         0x6000'5ccf    0x32  Code  Gb  fsl_gpio.o [1]
GPIO_PinSetInterruptConfig
                        0x6000'5d25    0x9c  Code  Gb  fsl_gpio.o [1]
GPIO_PinWrite           0x6000'5c91    0x3e  Code  Gb  fsl_gpio.o [1]
IO_Init                 0x6000'499d    0x54  Code  Gb  fsl_io.o [1]
IO_Transfer             0x6000'49f1    0x32  Code  Gb  fsl_io.o [1]
LED_Ctrl(LEDn_e, LEDs_e)
                        0x6000'5a23   0x136  Code  Gb  LQ_LED.o [1]
LED_Init()              0x6000'58ef   0x134  Code  Gb  LQ_LED.o [1]
LOG_Init                0x6000'4621    0x1a  Code  Gb  fsl_log.o [1]
LOG_Pop                 0x6000'465f    0x28  Code  Gb  fsl_log.o [1]
LOG_Push                0x6000'463b    0x24  Code  Gb  fsl_log.o [1]
LPUART_ClearStatusFlags
                        0x6000'4dbd    0x4c  Code  Gb  fsl_lpuart.o [1]
LPUART_GetDefaultConfig
                        0x6000'4d51    0x5c  Code  Gb  fsl_lpuart.o [1]
LPUART_GetInstance(LPUART_Type *)
                        0x6000'4b01    0x32  Code  Gb  fsl_lpuart.o [1]
LPUART_GetStatusFlags   0x6000'4dad    0x10  Code  Gb  fsl_lpuart.o [1]
LPUART_Init             0x6000'4b33   0x21e  Code  Gb  fsl_lpuart.o [1]
LPUART_ReadBlocking     0x6000'4e41    0xbe  Code  Gb  fsl_lpuart.o [1]
LPUART_WriteBlocking    0x6000'4e09    0x38  Code  Gb  fsl_lpuart.o [1]
RW$$Base                0x2000'0000           --   Gb  - Linker created -
RW$$Limit               0x2000'000c           --   Gb  - Linker created -
Region$$Table$$Base     0x6000'67fc           --   Gb  - Linker created -
Region$$Table$$Limit    0x6000'6820           --   Gb  - Linker created -
StrFormatPrintf         0x6000'4721   0x248  Code  Gb  fsl_str.o [1]
SystemCoreClock         0x2000'0008     0x4  Data  Gb  system_MIMXRT1052.o [1]
SystemInit              0x6000'613d    0x78  Code  Gb  system_MIMXRT1052.o [1]
ZI$$Base                0x2000'0020           --   Gb  - Linker created -
ZI$$Limit               0x2000'29dc           --   Gb  - Linker created -
[local to LQ_LED_c]::CLOCK_ControlGate(_clock_ip_name, _clock_gate_value)
                        0x6000'5875    0x46  Code  Lc  LQ_LED.o [1]
[local to LQ_LED_c]::CLOCK_EnableClock(_clock_ip_name)
                        0x6000'58bb     0xc  Code  Lc  LQ_LED.o [1]
[local to LQ_LED_c]::IOMUXC_SetPinConfig(unsigned int, unsigned int, unsigned int, unsigned int, unsigned int, unsigned int)
                        0x6000'58e3     0xc  Code  Lc  LQ_LED.o [1]
[local to LQ_LED_c]::IOMUXC_SetPinMux(unsigned int, unsigned int, unsigned int, unsigned int, unsigned int, unsigned int)
                        0x6000'58c7    0x1c  Code  Lc  LQ_LED.o [1]
[local to board_c]::ARM_MPU_Disable()
                        0x6000'5de1    0x22  Code  Lc  board.o [1]
[local to board_c]::ARM_MPU_Enable(unsigned int)
                        0x6000'5dc1    0x20  Code  Lc  board.o [1]
[local to board_c]::CLOCK_GetDiv(_clock_div)
                        0x6000'5f35    0x2a  Code  Lc  board.o [1]
[local to board_c]::CLOCK_GetMux(_clock_mux)
                        0x6000'5f0b    0x2a  Code  Lc  board.o [1]
[local to board_c]::CLOCK_GetOscFreq()
                        0x6000'5f5f    0x18  Code  Lc  board.o [1]
[local to board_c]::SCB_DisableDCache()
                        0x6000'5eb1    0x5a  Code  Lc  board.o [1]
[local to board_c]::SCB_DisableICache()
                        0x6000'5e31    0x26  Code  Lc  board.o [1]
[local to board_c]::SCB_EnableDCache()
                        0x6000'5e57    0x5a  Code  Lc  board.o [1]
[local to board_c]::SCB_EnableICache()
                        0x6000'5e03    0x2e  Code  Lc  board.o [1]
[local to clock_config_c]::CLOCK_SetDiv(_clock_div, unsigned int)
                        0x6000'4fa5    0x68  Code  Lc  clock_config.o [1]
[local to clock_config_c]::CLOCK_SetMux(_clock_mux, unsigned int)
                        0x6000'4f3d    0x68  Code  Lc  clock_config.o [1]
[local to clock_config_c]::CLOCK_SetRtcXtalFreq(unsigned int)
                        0x6000'5013     0x6  Code  Lc  clock_config.o [1]
[local to clock_config_c]::CLOCK_SetXtalFreq(unsigned int)
                        0x6000'500d     0x6  Code  Lc  clock_config.o [1]
[local to fsl_clock_c]::CLOCK_GetOscFreq()
                        0x6000'536f    0x18  Code  Lc  fsl_clock.o [1]
[local to fsl_clock_c]::CLOCK_GetPllBypassRefClk(CCM_ANALOG_Type *, _clock_pll)
                        0x6000'5387    0x1c  Code  Lc  fsl_clock.o [1]
[local to fsl_clock_c]::CLOCK_IsPllBypassed(CCM_ANALOG_Type *, _clock_pll)
                        0x6000'5349    0x10  Code  Lc  fsl_clock.o [1]
[local to fsl_clock_c]::CLOCK_IsPllEnabled(CCM_ANALOG_Type *, _clock_pll)
                        0x6000'5359    0x16  Code  Lc  fsl_clock.o [1]
[local to fsl_debug_console_c]::DbgConsole_RelocateLog(char *, int *, char, int)
                        0x6000'45e1    0x3e  Code  Lc  fsl_debug_console.o [1]
[local to fsl_gpio_c]::CLOCK_ControlGate(_clock_ip_name, _clock_gate_value)
                        0x6000'5b99    0x40  Code  Lc  fsl_gpio.o [1]
[local to fsl_gpio_c]::CLOCK_EnableClock(_clock_ip_name)
                        0x6000'5bd9     0xc  Code  Lc  fsl_gpio.o [1]
[local to fsl_gpio_c]::GPIO_GetInstance([local to fsl_gpio_c]::[unnamed type (instance 1)] volatile *)
                        0x6000'5c11    0x2c  Code  Lc  fsl_gpio.o [1]
[local to fsl_gpio_c]::GPIO_PinRead([local to fsl_gpio_c]::[unnamed type (instance 1)] volatile *, unsigned int)
                        0x6000'5be5    0x22  Code  Lc  fsl_gpio.o [1]
[local to fsl_gpio_c]::GPIO_SetPinInterruptConfig([local to fsl_gpio_c]::[unnamed type (instance 1)] volatile *, unsigned int, _gpio_interrupt_mode)
                        0x6000'5c07     0xa  Code  Lc  fsl_gpio.o [1]
[local to fsl_io_c]::LPUART_EnableRx(LPUART_Type *, bool)
                        0x6000'4983    0x1a  Code  Lc  fsl_io.o [1]
[local to fsl_io_c]::LPUART_EnableTx(LPUART_Type *, bool)
                        0x6000'4969    0x1a  Code  Lc  fsl_io.o [1]
[local to fsl_lpuart_c]::CLOCK_ControlGate(_clock_ip_name, _clock_gate_value)
                        0x6000'4a9d    0x46  Code  Lc  fsl_lpuart.o [1]
[local to fsl_lpuart_c]::CLOCK_EnableClock(_clock_ip_name)
                        0x6000'4ae3     0xc  Code  Lc  fsl_lpuart.o [1]
[local to fsl_lpuart_c]::LPUART_SoftwareReset(LPUART_Type *)
                        0x6000'4aef    0x12  Code  Lc  fsl_lpuart.o [1]
[local to fsl_str_c]::ConvertRadixNumToString(char *, void *, int, int, bool)
                        0x6000'4697    0x8a  Code  Lc  fsl_str.o [1]
[local to heap_4_c]::prvHeapInit()
                        0x6000'2f0d    0x5a  Code  Lc  heap_4.o [1]
[local to heap_4_c]::prvInsertBlockIntoFreeList(A_BLOCK_LINK *)
                        0x6000'2f67    0x5e  Code  Lc  heap_4.o [1]
[local to main_cpp]::__NVIC_SetPriorityGrouping(unsigned int)
                        0x6000'61ed    0x1a  Code  Lc  main.o [1]
[local to pin_mux_c]::CLOCK_ControlGate(_clock_ip_name, _clock_gate_value)
                        0x6000'3fa5    0x46  Code  Lc  pin_mux.o [1]
[local to pin_mux_c]::CLOCK_EnableClock(_clock_ip_name)
                        0x6000'3feb     0xc  Code  Lc  pin_mux.o [1]
[local to pin_mux_c]::IOMUXC_SetPinConfig(unsigned int, unsigned int, unsigned int, unsigned int, unsigned int, unsigned int)
                        0x6000'4013     0xc  Code  Lc  pin_mux.o [1]
[local to pin_mux_c]::IOMUXC_SetPinMux(unsigned int, unsigned int, unsigned int, unsigned int, unsigned int, unsigned int)
                        0x6000'3ff7    0x1c  Code  Lc  pin_mux.o [1]
[local to port_c]::prvTaskExitError()
                        0x6000'3141    0x2a  Code  Lc  port.o [1]
[local to queue_c]::prvCopyDataFromQueue(QueueDefinition *, void *)
                        0x6000'3db3    0x2a  Code  Lc  queue.o [1]
[local to queue_c]::prvCopyDataToQueue(QueueDefinition *, void const *, long)
                        0x6000'3d2d    0x86  Code  Lc  queue.o [1]
[local to queue_c]::prvInitialiseNewQueue(unsigned long, unsigned long, unsigned char *, unsigned char, QueueDefinition *)
                        0x6000'38d9    0x22  Code  Lc  queue.o [1]
[local to queue_c]::prvIsQueueEmpty(QueueDefinition const *)
                        0x6000'3e4b    0x1c  Code  Lc  queue.o [1]
[local to queue_c]::prvIsQueueFull(QueueDefinition const *)
                        0x6000'3e67    0x1e  Code  Lc  queue.o [1]
[local to queue_c]::prvUnlockQueue(QueueDefinition *)
                        0x6000'3ddd    0x6e  Code  Lc  queue.o [1]
[local to system_MIMXRT1052_c]::SCB_EnableDCache()
                        0x6000'60eb    0x52  Code  Lc  system_MIMXRT1052.o [1]
[local to system_MIMXRT1052_c]::SCB_EnableICache()
                        0x6000'60c1    0x2a  Code  Lc  system_MIMXRT1052.o [1]
[local to tasks_c]::prvAddCurrentTaskToDelayedList(unsigned int, long)
                        0x6000'2ced    0x6e  Code  Lc  tasks.o [1]
[local to tasks_c]::prvAddNewTaskToReadyList(tskTaskControlBlock *)
                        0x6000'2535    0x9e  Code  Lc  tasks.o [1]
[local to tasks_c]::prvCheckTasksWaitingTermination()
                        0x6000'2acd    0x54  Code  Lc  tasks.o [1]
[local to tasks_c]::prvDeleteTCB(tskTaskControlBlock *)
                        0x6000'2b21    0x12  Code  Lc  tasks.o [1]
[local to tasks_c]::prvIdleTask(void *)
                        0x6000'2a45    0x24  Code  Lc  tasks.o [1]
[local to tasks_c]::prvInitialiseNewTask(void (*)(void *), char const *, unsigned int, void *, unsigned long, void **, tskTaskControlBlock *, xMEMORY_REGION const *)
                        0x6000'246f    0xc6  Code  Lc  tasks.o [1]
[local to tasks_c]::prvInitialiseTaskLists()
                        0x6000'2a75    0x54  Code  Lc  tasks.o [1]
[local to tasks_c]::prvResetNextTaskUnblockTime()
                        0x6000'2b33    0x24  Code  Lc  tasks.o [1]
[local to timers_c]::prvCheckForValidListAndQueue()
                        0x6000'36b5    0x46  Code  Lc  timers.o [1]
[local to timers_c]::prvGetNextExpireTime(long *)
                        0x6000'34b9    0x28  Code  Lc  timers.o [1]
[local to timers_c]::prvInsertTimerInActiveList(tmrTimerControl *, unsigned int, unsigned int, unsigned int)
                        0x6000'3507    0x3e  Code  Lc  timers.o [1]
[local to timers_c]::prvProcessExpiredTimer(unsigned int, unsigned int)
                        0x6000'33cf    0x5a  Code  Lc  timers.o [1]
[local to timers_c]::prvProcessReceivedCommands()
                        0x6000'3545    0xfe  Code  Lc  timers.o [1]
[local to timers_c]::prvProcessTimerOrBlockTask(unsigned int, long)
                        0x6000'3443    0x76  Code  Lc  timers.o [1]
[local to timers_c]::prvSampleTimeNow(long *)
                        0x6000'34e1    0x26  Code  Lc  timers.o [1]
[local to timers_c]::prvSwitchTimerLists()
                        0x6000'3643    0x72  Code  Lc  timers.o [1]
[local to timers_c]::prvTimerTask(void *)
                        0x6000'342d    0x16  Code  Lc  timers.o [1]
__RAM_VECTOR_TABLE_SIZE {Abs}
                                0x0          Data  Gb  <internal module>
__VECTOR_RAM {Abs}      0x6000'2000          Data  Gb  <internal module>
__VECTOR_TABLE {Abs}    0x6000'2000          Data  Gb  <internal module>
__Vectors               0x6000'2000           --   Gb  startup_MIMXRT1052.o [1]
__Vectors_End           0x6000'2400          Data  Gb  startup_MIMXRT1052.o [1]
__Vectors_Size {Abs}          0x400           --   Gb  startup_MIMXRT1052.o [1]
__aeabi_assert          0x6000'455d    0x18  Code  Gb  fsl_assert.o [1]
__aeabi_ldiv0           0x6000'5871          Code  Gb  I64DivZer.o [5]
__aeabi_memclr4         0x6000'4691          Code  Gb  ABImemclr4.o [5]
__aeabi_memcpy          0x6000'3efd          Code  Gb  ABImemcpy.o [5]
__aeabi_memcpy4         0x6000'3f1d          Code  Gb  ABImemcpy.o [5]
__aeabi_memcpy8         0x6000'3f1d          Code  Gb  ABImemcpy.o [5]
__aeabi_memset          0x6000'2fe1          Code  Gb  ABImemset.o [5]
__aeabi_uldivmod        0x6000'5641          Code  Gb  I64DivMod.o [5]
__cmain                 0x6000'6861          Code  Gb  cmain.o [5]
__exit                  0x6000'6895    0x14  Code  Gb  exit.o [6]
__iar_Memset            0x6000'2fe1          Code  Gb  ABImemset.o [5]
__iar_Memset4_word      0x6000'4a31          Code  Gb  ABImemset48.o [5]
__iar_Memset8_word      0x6000'4a31          Code  Gb  ABImemset48.o [5]
__iar_Memset_word       0x6000'2fe9          Code  Gb  ABImemset.o [5]
__iar_copy_init3        0x6000'6739    0x2c  Code  Gb  copy_init3.o [5]
__iar_data_init3        0x6000'678d    0x28  Code  Gb  data_init.o [5]
__iar_debug_exceptions  0x6000'61eb     0x1  Data  Gb  unwind_debug.o [6]
__iar_init_vfp          0x6000'67d9          Code  Gb  fpinit_M.o [4]
__iar_program_start     0x6000'6985          Code  Gb  cstartup_M.o [5]
__iar_zero_init3        0x6000'30df    0x3a  Code  Gb  zero_init3.o [5]
__low_level_init        0x6000'687f     0x4  Code  Gb  low_level_init.o [2]
__vector_table          0x6000'2000          Data  Gb  startup_MIMXRT1052.o [1]
__vector_table_0x1c     0x6000'201c          Data  Gb  startup_MIMXRT1052.o [1]
_call_main              0x6000'686d          Code  Gb  cmain.o [5]
_exit                   0x6000'6889          Code  Gb  cexit.o [5]
_main                   0x6000'687b          Code  Gb  cmain.o [5]
armPllConfig_BOARD_BootClockRUN
                        0x6000'6b54     0x4  Data  Lc  clock_config.o [1]
counttttt               0x2000'2848     0x4  Data  Gb  main.o [1]
exit                    0x6000'6883     0x4  Code  Gb  exit.o [2]
g_rtcXtalFreq           0x2000'0024     0x4  Data  Gb  fsl_clock.o [1]
g_xtalFreq              0x2000'0020     0x4  Data  Gb  fsl_clock.o [1]
m_boot_hdr_conf_start {Abs}
                        0x6000'0000          Data  Gb  <internal module>
main                    0x6000'628f    0x54  Code  Gb  main.o [1]
pcInterruptPriorityRegisters
                        0x6000'6b58     0x4  Data  Lc  port.o [1]
prvSampleTimeNow(long *)::xLastTime
                        0x2000'29d8     0x4  Data  Lc  timers.o [1]
pvPortMalloc            0x6000'2d99   0x108  Code  Gb  heap_4.o [1]
pvTaskIncrementMutexHeldCount
                        0x6000'2cb7    0x16  Code  Gb  tasks.o [1]
pxCurrentTCB            0x2000'289c     0x4  Data  Gb  tasks.o [1]
pxCurrentTimerList      0x2000'29c8     0x4  Data  Lc  timers.o [1]
pxDelayedTaskList       0x2000'292c     0x4  Data  Lc  tasks.o [1]
pxEnd                   0x2000'2838     0x4  Data  Lc  heap_4.o [1]
pxOverflowDelayedTaskList
                        0x2000'2930     0x4  Data  Lc  tasks.o [1]
pxOverflowTimerList     0x2000'29cc     0x4  Data  Lc  timers.o [1]
pxPortInitialiseStack   0x6000'3119    0x28  Code  Gb  port.o [1]
pxReadyTasksLists       0x2000'28a0    0x64  Data  Lc  tasks.o [1]
s_debugConsoleIO        0x2000'0028     0x8  Data  Lc  fsl_io.o [1]
s_gpioBases             0x6000'68c0    0x18  Data  Lc  fsl_gpio.o [1]
s_gpioClock             0x6000'6948     0xc  Data  Lc  fsl_gpio.o [1]
s_lpuartBases           0x6000'67b4    0x24  Data  Lc  fsl_lpuart.o [1]
s_lpuartClock           0x6000'68f0    0x14  Data  Lc  fsl_lpuart.o [1]
state                   0x2000'284c     0x8  Data  Gb  main.o [1]
strlen                  0x6000'4a65          Code  Gb  strlen.o [5]
sysPllConfig_BOARD_BootClockRUN
                        0x6000'6924     0xc  Data  Lc  clock_config.o [1]
ucHeap                  0x2000'0030  0x2800  Data  Lc  heap_4.o [1]
ucMaxSysCallPriority    0x2000'2854     0x1  Data  Lc  port.o [1]
ulMaxPRIGROUPValue      0x2000'2858     0x4  Data  Lc  port.o [1]
usb1PllConfig_BOARD_BootClockRUN
                        0x6000'61ea     0x1  Data  Lc  clock_config.o [1]
uxCriticalNesting       0x2000'0004     0x4  Data  Lc  port.o [1]
uxCurrentNumberOfTasks  0x2000'2974     0x4  Data  Lc  tasks.o [1]
uxDeletedTasksWaitingCleanUp
                        0x2000'295c     0x4  Data  Lc  tasks.o [1]
uxListRemove            0x6000'30b9    0x26  Code  Gb  list.o [1]
uxPendedTicks           0x2000'2984     0x4  Data  Lc  tasks.o [1]
uxSchedulerSuspended    0x2000'299c     0x4  Data  Lc  tasks.o [1]
uxTaskNumber            0x2000'2990     0x4  Data  Lc  tasks.o [1]
uxTopReadyPriority      0x2000'297c     0x4  Data  Lc  tasks.o [1]
vListInitialise         0x6000'3047    0x1e  Code  Gb  list.o [1]
vListInitialiseItem     0x6000'3065     0x6  Code  Gb  list.o [1]
vListInsert             0x6000'3083    0x36  Code  Gb  list.o [1]
vListInsertEnd          0x6000'306b    0x18  Code  Gb  list.o [1]
vPortEnableVFP          0x6000'37e1          Code  Gb  portasm.o [1]
vPortEnterCritical      0x6000'321f    0x34  Code  Gb  port.o [1]
vPortExitCritical       0x6000'3253    0x2c  Code  Gb  port.o [1]
vPortFree               0x6000'2ea1    0x6c  Code  Gb  heap_4.o [1]
vPortSVCHandler         0x6000'37ad          Code  Gb  portasm.o [1]
vPortSetupTimerInterrupt
                        0x6000'3725    0x30  Code  Wk  fsl_tickless_systick.o [1]
vPortStartFirstTask     0x6000'37c9          Code  Gb  portasm.o [1]
vPortValidateInterruptPriority
                        0x6000'32a9    0x4a  Code  Gb  port.o [1]
vQueueAddToRegistry     0x6000'3e85    0x24  Code  Gb  queue.o [1]
vQueueWaitForMessageRestricted
                        0x6000'3eb1    0x4a  Code  Gb  queue.o [1]
vTask1(void *)          0x6000'6207    0x40  Code  Gb  main.o [1]
vTask2(void *)          0x6000'6247    0x48  Code  Gb  main.o [1]
vTaskMissedYield        0x6000'2a35     0xa  Code  Gb  tasks.o [1]
vTaskPlaceOnEventList   0x6000'2887    0x2e  Code  Gb  tasks.o [1]
vTaskPlaceOnEventListRestricted
                        0x6000'28b5    0x38  Code  Gb  tasks.o [1]
vTaskPriorityInherit    0x6000'2b7d    0x8c  Code  Gb  tasks.o [1]
vTaskSetTimeOutState    0x6000'2989    0x26  Code  Gb  tasks.o [1]
vTaskStartScheduler     0x6000'25d3    0x76  Code  Gb  tasks.o [1]
vTaskSuspendAll         0x6000'2649     0xc  Code  Gb  tasks.o [1]
vTaskSwitchContext      0x6000'281d    0x6a  Code  Gb  tasks.o [1]
xActiveTimerList1       0x2000'29a0    0x14  Data  Lc  timers.o [1]
xActiveTimerList2       0x2000'29b4    0x14  Data  Lc  timers.o [1]
xBlockAllocatedBit      0x2000'2844     0x4  Data  Lc  heap_4.o [1]
xDelayedTaskList1       0x2000'2904    0x14  Data  Lc  tasks.o [1]
xDelayedTaskList2       0x2000'2918    0x14  Data  Lc  tasks.o [1]
xFreeBytesRemaining     0x2000'283c     0x4  Data  Lc  heap_4.o [1]
xIdleTaskHandle         0x2000'2998     0x4  Data  Lc  tasks.o [1]
xMinimumEverFreeBytesRemaining
                        0x2000'2840     0x4  Data  Lc  heap_4.o [1]
xNextTaskUnblockTime    0x2000'2994     0x4  Data  Lc  tasks.o [1]
xNumOfOverflows         0x2000'298c     0x4  Data  Lc  tasks.o [1]
xPendingReadyList       0x2000'2934    0x14  Data  Lc  tasks.o [1]
xPortPendSVHandler      0x6000'3755          Code  Gb  portasm.o [1]
xPortStartScheduler     0x6000'316b    0xb4  Code  Gb  port.o [1]
xPortSysTickHandler     0x6000'327f    0x28  Code  Gb  port.o [1]
xQueueGenericCreate     0x6000'388f    0x4a  Code  Gb  queue.o [1]
xQueueGenericReceive    0x6000'3b6f   0x1be  Code  Gb  queue.o [1]
xQueueGenericReset      0x6000'37fd    0x92  Code  Gb  queue.o [1]
xQueueGenericSend       0x6000'38fb   0x196  Code  Gb  queue.o [1]
xQueueGenericSendFromISR
                        0x6000'3a91    0xde  Code  Gb  queue.o [1]
xQueueRegistry          0x2000'285c    0x40  Data  Gb  queue.o [1]
xSchedulerRunning       0x2000'2980     0x4  Data  Lc  tasks.o [1]
xStart                  0x2000'2830     0x8  Data  Lc  heap_4.o [1]
xSuspendedTaskList      0x2000'2960    0x14  Data  Lc  tasks.o [1]
xTaskCheckForTimeOut    0x6000'29b5    0x80  Code  Gb  tasks.o [1]
xTaskCreate             0x6000'2401    0x6e  Code  Gb  tasks.o [1]
xTaskGetSchedulerState  0x6000'2b57    0x20  Code  Gb  tasks.o [1]
xTaskGetTickCount       0x6000'2739     0x8  Code  Gb  tasks.o [1]
xTaskIncrementTick      0x6000'2741    0xdc  Code  Gb  tasks.o [1]
xTaskPriorityDisinherit
                        0x6000'2c09    0xae  Code  Gb  tasks.o [1]
xTaskRemoveFromEventList
                        0x6000'2909    0x80  Code  Gb  tasks.o [1]
xTaskResumeAll          0x6000'2655    0xe4  Code  Gb  tasks.o [1]
xTasksWaitingTermination
                        0x2000'2948    0x14  Data  Lc  tasks.o [1]
xTickCount              0x2000'2978     0x4  Data  Lc  tasks.o [1]
xTimerCreateTimerTask   0x6000'3325    0x46  Code  Gb  timers.o [1]
xTimerGenericCommand    0x6000'336b    0x64  Code  Gb  timers.o [1]
xTimerQueue             0x2000'29d0     0x4  Data  Lc  timers.o [1]
xTimerTaskHandle        0x2000'29d4     0x4  Data  Lc  timers.o [1]
xYieldPending           0x2000'2988     0x4  Data  Lc  tasks.o [1]


[1] = D:\智能车\麦轮信标\程序\RT1052library_cpp-rtos\project\IAR\Debug\Obj
[2] = dl7M_tlf.a
[3] = dlpp7M_tl_fc.a
[4] = m7M_tlv.a
[5] = rt7M_tl.a
[6] = shb_l.a

  17 780 bytes of readonly  code memory
   1 516 bytes of readonly  data memory
  43 464 bytes of readwrite data memory

Errors: none
Warnings: none
