###############################################################################
#
# IAR ELF Linker V8.30.1.114/W32 for ARM                  18/Nov/2019  13:07:46
# Copyright 2007-2018 IAR Systems AB.
#
#    Output file  =  
#        D:\智能车\麦轮信标\程序\RT1052library_cpp-rtos\project\IAR\Debug\Exe\RT1052WithCPP.out
#    Map file     =  
#        D:\智能车\麦轮信标\程序\RT1052library_cpp-rtos\project\IAR\Debug\List\RT1052WithCPP.map
#    Command line =  
#        -f C:\Users\zhuzh\AppData\Local\Temp\EW430D.tmp
#        (D:\智能车\麦轮信标\程序\RT1052library_cpp-rtos\project\IAR\Debug\Obj\AHRS.o
#        D:\智能车\麦轮信标\程序\RT1052library_cpp-rtos\project\IAR\Debug\Obj\AP_Math.o
#        D:\智能车\麦轮信标\程序\RT1052library_cpp-rtos\project\IAR\Debug\Obj\board.o
#        D:\智能车\麦轮信标\程序\RT1052library_cpp-rtos\project\IAR\Debug\Obj\clock_config.o
#        D:\智能车\麦轮信标\程序\RT1052library_cpp-rtos\project\IAR\Debug\Obj\croutine.o
#        D:\智能车\麦轮信标\程序\RT1052library_cpp-rtos\project\IAR\Debug\Obj\DebugFuction.o
#        D:\智能车\麦轮信标\程序\RT1052library_cpp-rtos\project\IAR\Debug\Obj\event_groups.o
#        D:\智能车\麦轮信标\程序\RT1052library_cpp-rtos\project\IAR\Debug\Obj\fsl_adc.o
#        D:\智能车\麦轮信标\程序\RT1052library_cpp-rtos\project\IAR\Debug\Obj\fsl_assert.o
#        D:\智能车\麦轮信标\程序\RT1052library_cpp-rtos\project\IAR\Debug\Obj\fsl_clock.o
#        D:\智能车\麦轮信标\程序\RT1052library_cpp-rtos\project\IAR\Debug\Obj\fsl_common.o
#        D:\智能车\麦轮信标\程序\RT1052library_cpp-rtos\project\IAR\Debug\Obj\fsl_csi.o
#        D:\智能车\麦轮信标\程序\RT1052library_cpp-rtos\project\IAR\Debug\Obj\fsl_debug_console.o
#        D:\智能车\麦轮信标\程序\RT1052library_cpp-rtos\project\IAR\Debug\Obj\fsl_dmamux.o
#        D:\智能车\麦轮信标\程序\RT1052library_cpp-rtos\project\IAR\Debug\Obj\fsl_edma.o
#        D:\智能车\麦轮信标\程序\RT1052library_cpp-rtos\project\IAR\Debug\Obj\fsl_enc.o
#        D:\智能车\麦轮信标\程序\RT1052library_cpp-rtos\project\IAR\Debug\Obj\fsl_flexio.o
#        D:\智能车\麦轮信标\程序\RT1052library_cpp-rtos\project\IAR\Debug\Obj\fsl_flexio_spi.o
#        D:\智能车\麦轮信标\程序\RT1052library_cpp-rtos\project\IAR\Debug\Obj\fsl_flexio_spi_edma.o
#        D:\智能车\麦轮信标\程序\RT1052library_cpp-rtos\project\IAR\Debug\Obj\fsl_gpio.o
#        D:\智能车\麦轮信标\程序\RT1052library_cpp-rtos\project\IAR\Debug\Obj\fsl_gpt.o
#        D:\智能车\麦轮信标\程序\RT1052library_cpp-rtos\project\IAR\Debug\Obj\fsl_io.o
#        D:\智能车\麦轮信标\程序\RT1052library_cpp-rtos\project\IAR\Debug\Obj\fsl_log.o
#        D:\智能车\麦轮信标\程序\RT1052library_cpp-rtos\project\IAR\Debug\Obj\fsl_lpi2c.o
#        D:\智能车\麦轮信标\程序\RT1052library_cpp-rtos\project\IAR\Debug\Obj\fsl_lpspi.o
#        D:\智能车\麦轮信标\程序\RT1052library_cpp-rtos\project\IAR\Debug\Obj\fsl_lpspi_edma.o
#        D:\智能车\麦轮信标\程序\RT1052library_cpp-rtos\project\IAR\Debug\Obj\fsl_lpuart.o
#        D:\智能车\麦轮信标\程序\RT1052library_cpp-rtos\project\IAR\Debug\Obj\fsl_lpuart_edma.o
#        D:\智能车\麦轮信标\程序\RT1052library_cpp-rtos\project\IAR\Debug\Obj\fsl_pit.o
#        D:\智能车\麦轮信标\程序\RT1052library_cpp-rtos\project\IAR\Debug\Obj\fsl_pwm.o
#        D:\智能车\麦轮信标\程序\RT1052library_cpp-rtos\project\IAR\Debug\Obj\fsl_qtmr.o
#        D:\智能车\麦轮信标\程序\RT1052library_cpp-rtos\project\IAR\Debug\Obj\fsl_sccb.o
#        D:\智能车\麦轮信标\程序\RT1052library_cpp-rtos\project\IAR\Debug\Obj\fsl_semc.o
#        D:\智能车\麦轮信标\程序\RT1052library_cpp-rtos\project\IAR\Debug\Obj\fsl_str.o
#        D:\智能车\麦轮信标\程序\RT1052library_cpp-rtos\project\IAR\Debug\Obj\fsl_tickless_systick.o
#        D:\智能车\麦轮信标\程序\RT1052library_cpp-rtos\project\IAR\Debug\Obj\fsl_trng.o
#        D:\智能车\麦轮信标\程序\RT1052library_cpp-rtos\project\IAR\Debug\Obj\fsl_usdhc.o
#        D:\智能车\麦轮信标\程序\RT1052library_cpp-rtos\project\IAR\Debug\Obj\fsl_wdog.o
#        D:\智能车\麦轮信标\程序\RT1052library_cpp-rtos\project\IAR\Debug\Obj\fsl_xbara.o
#        D:\智能车\麦轮信标\程序\RT1052library_cpp-rtos\project\IAR\Debug\Obj\heap_4.o
#        D:\智能车\麦轮信标\程序\RT1052library_cpp-rtos\project\IAR\Debug\Obj\Inertial_Sensor.o
#        D:\智能车\麦轮信标\程序\RT1052library_cpp-rtos\project\IAR\Debug\Obj\list.o
#        D:\智能车\麦轮信标\程序\RT1052library_cpp-rtos\project\IAR\Debug\Obj\LQ_ADC.o
#        D:\智能车\麦轮信标\程序\RT1052library_cpp-rtos\project\IAR\Debug\Obj\LQ_Encoder.o
#        D:\智能车\麦轮信标\程序\RT1052library_cpp-rtos\project\IAR\Debug\Obj\LQ_IIC.o
#        D:\智能车\麦轮信标\程序\RT1052library_cpp-rtos\project\IAR\Debug\Obj\LQ_KEY.o
#        D:\智能车\麦轮信标\程序\RT1052library_cpp-rtos\project\IAR\Debug\Obj\LQ_LED.o
#        D:\智能车\麦轮信标\程序\RT1052library_cpp-rtos\project\IAR\Debug\Obj\LQ_MPU6050.o
#        D:\智能车\麦轮信标\程序\RT1052library_cpp-rtos\project\IAR\Debug\Obj\LQ_PIT.o
#        D:\智能车\麦轮信标\程序\RT1052library_cpp-rtos\project\IAR\Debug\Obj\LQ_PWM.o
#        D:\智能车\麦轮信标\程序\RT1052library_cpp-rtos\project\IAR\Debug\Obj\LQ_QTMR.o
#        D:\智能车\麦轮信标\程序\RT1052library_cpp-rtos\project\IAR\Debug\Obj\LQ_SGP18T.o
#        D:\智能车\麦轮信标\程序\RT1052library_cpp-rtos\project\IAR\Debug\Obj\LQ_SPI.o
#        D:\智能车\麦轮信标\程序\RT1052library_cpp-rtos\project\IAR\Debug\Obj\LQ_TRNG.o
#        D:\智能车\麦轮信标\程序\RT1052library_cpp-rtos\project\IAR\Debug\Obj\LQ_UART.o
#        D:\智能车\麦轮信标\程序\RT1052library_cpp-rtos\project\IAR\Debug\Obj\LQ_WDog.o
#        D:\智能车\麦轮信标\程序\RT1052library_cpp-rtos\project\IAR\Debug\Obj\m_systime.o
#        D:\智能车\麦轮信标\程序\RT1052library_cpp-rtos\project\IAR\Debug\Obj\main.o
#        D:\智能车\麦轮信标\程序\RT1052library_cpp-rtos\project\IAR\Debug\Obj\Pig_SPI.o
#        D:\智能车\麦轮信标\程序\RT1052library_cpp-rtos\project\IAR\Debug\Obj\Pig_UART.o
#        D:\智能车\麦轮信标\程序\RT1052library_cpp-rtos\project\IAR\Debug\Obj\pin_mux.o
#        D:\智能车\麦轮信标\程序\RT1052library_cpp-rtos\project\IAR\Debug\Obj\port.o
#        D:\智能车\麦轮信标\程序\RT1052library_cpp-rtos\project\IAR\Debug\Obj\portasm.o
#        D:\智能车\麦轮信标\程序\RT1052library_cpp-rtos\project\IAR\Debug\Obj\queue.o
#        D:\智能车\麦轮信标\程序\RT1052library_cpp-rtos\project\IAR\Debug\Obj\startup_MIMXRT1052.o
#        D:\智能车\麦轮信标\程序\RT1052library_cpp-rtos\project\IAR\Debug\Obj\status.o
#        D:\智能车\麦轮信标\程序\RT1052library_cpp-rtos\project\IAR\Debug\Obj\system_MIMXRT1052.o
#        D:\智能车\麦轮信标\程序\RT1052library_cpp-rtos\project\IAR\Debug\Obj\tasks.o
#        D:\智能车\麦轮信标\程序\RT1052library_cpp-rtos\project\IAR\Debug\Obj\TFTDriver.o
#        D:\智能车\麦轮信标\程序\RT1052library_cpp-rtos\project\IAR\Debug\Obj\timers.o
#        --no_out_extension -o
#        D:\智能车\麦轮信标\程序\RT1052library_cpp-rtos\project\IAR\Debug\Exe\RT1052WithCPP.out
#        --redirect _Printf=_PrintfFullNoMb --redirect _Scanf=_ScanfFullNoMb
#        --map
#        D:\智能车\麦轮信标\程序\RT1052library_cpp-rtos\project\IAR\Debug\List\RT1052WithCPP.map
#        --config
#        D:\智能车\麦轮信标\程序\RT1052library_cpp-rtos\project\IAR\..\..\base\icf\LQ_RT1052QSPI_Boot.icf
#        --semihosting --entry __iar_program_start "C:\Program Files (x86)\IAR
#        Systems\Embedded Workbench
#        8.1\arm\CMSIS\Lib\IAR\iar_cortexM7lf_math.a" --vfe --text_out locale)
#
###############################################################################

*******************************************************************************
*** RUNTIME MODEL ATTRIBUTES
***

CppFlavor        = *
__CPP_Exceptions = *
__CPP_Language   = C++14
__Heap_Handler   = DLMalloc
__SystemLibrary  = DLib
__dlib_version   = 6


*******************************************************************************
*** HEAP SELECTION
***

The advanced heap was selected because the application calls memory
allocation functions outside of system library functions, and there
are calls to deallocation functions in the application.


*******************************************************************************
*** PLACEMENT SUMMARY
***

"A0":  place at 0x6000'2000 { ro section .intvec };
"P1":  place in [from 0x6000'2000 to 0x6000'23ff] |
                [from 0x6000'2400 to 0x63ff'ffff] { ro };
define block RW { first rw, section m_usb_dma_init_data };
"P2":  place in [from 0x2000'0000 to 0x2001'7fff] { block RW };
define block ZI
   with alignment = 32 { first zi, section m_usb_dma_noninit_data };
"P3":  place in [from 0x2000'0000 to 0x2001'7fff] { block ZI };
define block CSTACK with size = 32K, alignment = 8 { };
"P5":  place in [from 0x2001'8000 to 0x2001'ffff] { block CSTACK };
initialize by copy { rw, section .textrw };

No sections matched the following patterns:

  ro section .boot_hdr.boot_data  in "A3"
  ro section .boot_hdr.dcd_data   in "A4"
  section .boot_hdr.conf          in "A1"
  section .boot_hdr.ivt           in "A2"
  section NonCacheable            in block NCACHE_VAR
  section NonCacheable.init       in block NCACHE_VAR
  section m_usb_dma_init_data     in block RW
  section m_usb_dma_noninit_data  in block ZI


  Section            Kind         Address    Size  Object
  -------            ----         -------    ----  ------
"P2-P3", part 1 of 2:                         0x8
  RW                          0x2000'0000     0x8  <Block>
    RW-1                      0x2000'0000     0x8  <Init block>
      .data          inited   0x2000'0000     0x4  port.o [1]
      .data          inited   0x2000'0004     0x4  system_MIMXRT1052.o [1]
                            - 0x2000'0008     0x8

"P2-P3", part 2 of 2:                      0x29cc
  ZI                          0x2000'0020  0x29cc  <Block>
    .bss             zero     0x2000'0020     0x4  fsl_clock.o [1]
    .bss             zero     0x2000'0024     0x4  fsl_clock.o [1]
    .bss             zero     0x2000'0028     0x8  fsl_io.o [1]
    .bss             zero     0x2000'0030  0x2800  heap_4.o [1]
    .bss             zero     0x2000'2830     0x8  heap_4.o [1]
    .bss             zero     0x2000'2838     0x4  heap_4.o [1]
    .bss             zero     0x2000'283c     0x4  heap_4.o [1]
    .bss             zero     0x2000'2840     0x4  heap_4.o [1]
    .bss             zero     0x2000'2844     0x4  heap_4.o [1]
    .bss             zero     0x2000'2848     0x4  main.o [1]
    .bss             zero     0x2000'284c     0x4  main.o [1]
    .bss             zero     0x2000'2850     0x4  main.o [1]
    .bss             zero     0x2000'2854     0x8  main.o [1]
    .bss             zero     0x2000'285c     0x4  main.o [1]
    .bss             zero     0x2000'2860     0x4  main.o [1]
    .bss             zero     0x2000'2864     0x1  port.o [1]
    .bss             zero     0x2000'2868     0x4  port.o [1]
    .bss             zero     0x2000'286c    0x40  queue.o [1]
    .bss             zero     0x2000'28ac     0x4  tasks.o [1]
    .bss             zero     0x2000'28b0    0x64  tasks.o [1]
    .bss             zero     0x2000'2914    0x14  tasks.o [1]
    .bss             zero     0x2000'2928    0x14  tasks.o [1]
    .bss             zero     0x2000'293c     0x4  tasks.o [1]
    .bss             zero     0x2000'2940     0x4  tasks.o [1]
    .bss             zero     0x2000'2944    0x14  tasks.o [1]
    .bss             zero     0x2000'2958    0x14  tasks.o [1]
    .bss             zero     0x2000'296c     0x4  tasks.o [1]
    .bss             zero     0x2000'2970    0x14  tasks.o [1]
    .bss             zero     0x2000'2984     0x4  tasks.o [1]
    .bss             zero     0x2000'2988     0x4  tasks.o [1]
    .bss             zero     0x2000'298c     0x4  tasks.o [1]
    .bss             zero     0x2000'2990     0x4  tasks.o [1]
    .bss             zero     0x2000'2994     0x4  tasks.o [1]
    .bss             zero     0x2000'2998     0x4  tasks.o [1]
    .bss             zero     0x2000'299c     0x4  tasks.o [1]
    .bss             zero     0x2000'29a0     0x4  tasks.o [1]
    .bss             zero     0x2000'29a4     0x4  tasks.o [1]
    .bss             zero     0x2000'29a8     0x4  tasks.o [1]
    .bss             zero     0x2000'29ac     0x4  tasks.o [1]
    .bss             zero     0x2000'29b0    0x14  timers.o [1]
    .bss             zero     0x2000'29c4    0x14  timers.o [1]
    .bss             zero     0x2000'29d8     0x4  timers.o [1]
    .bss             zero     0x2000'29dc     0x4  timers.o [1]
    .bss             zero     0x2000'29e0     0x4  timers.o [1]
    .bss             zero     0x2000'29e4     0x4  timers.o [1]
    .bss             zero     0x2000'29e8     0x4  timers.o [1]
                            - 0x2000'29ec  0x29cc

"P5":                                      0x8000
  CSTACK                      0x2001'8000  0x8000  <Block>
    CSTACK           uninit   0x2001'8000  0x8000  <Block tail>
                            - 0x2002'0000  0x8000

"A0":                                       0x400
  .intvec            ro code  0x6000'2000   0x400  startup_MIMXRT1052.o [1]
                            - 0x6000'2400   0x400

"P1":                                      0x4064
  .text              ro code  0x6000'2400   0x9e8  tasks.o [1]
  .text              ro code  0x6000'2de8   0x248  heap_4.o [1]
  .text              ro code  0x6000'3030    0x66  ABImemset.o [5]
  .text              ro code  0x6000'3096    0x98  list.o [1]
  .text              ro code  0x6000'312e    0x3a  zero_init3.o [5]
  .text              ro code  0x6000'3168   0x20c  port.o [1]
  .text              ro code  0x6000'3374   0x400  timers.o [1]
  .text              ro code  0x6000'3774    0xc0  main.o [1]
  .text              ro code  0x6000'3834    0x30  fsl_tickless_systick.o [1]
  CODE               ro code  0x6000'3864    0xa8  portasm.o [1]
  .text              ro code  0x6000'390c   0x6fe  queue.o [1]
  .text              ro code  0x6000'400a    0x22  main.o [1]
  .text              ro code  0x6000'402c    0xa6  ABImemcpy.o [5]
  .text              ro code  0x6000'40d2     0x2  startup_MIMXRT1052.o [1]
  .text              ro code  0x6000'40d4   0x300  board.o [1]
  .text              ro code  0x6000'43d4   0x5b8  pin_mux.o [1]
  .text              ro code  0x6000'498c   0x40c  clock_config.o [1]
  .text              ro code  0x6000'4d98   0x2f8  fsl_clock.o [1]
  .text              ro code  0x6000'5090    0xaa  fsl_debug_console.o [1]
  .text              ro code  0x6000'513a     0x2  startup_MIMXRT1052.o [1]
  .text              ro code  0x6000'513c    0x18  fsl_assert.o [1]
  .text              ro code  0x6000'5154   0x230  I64DivMod.o [5]
  .text              ro code  0x6000'5384    0x70  fsl_log.o [1]
  .text              ro code  0x6000'53f4     0x6  ABImemclr4.o [5]
  .text              ro code  0x6000'53fa   0x2d2  fsl_str.o [1]
  .text              ro code  0x6000'56cc     0x2  I64DivZer.o [5]
  .text              ro code  0x6000'56ce     0x2  startup_MIMXRT1052.o [1]
  .text              ro code  0x6000'56d0    0xc8  fsl_io.o [1]
  .text              ro code  0x6000'5798    0x32  ABImemset48.o [5]
  .text              ro code  0x6000'57ca     0x2  startup_MIMXRT1052.o [1]
  .text              ro code  0x6000'57cc    0x36  strlen.o [5]
  .text              ro code  0x6000'5802     0x2  startup_MIMXRT1052.o [1]
  .text              ro code  0x6000'5804   0x4a0  fsl_lpuart.o [1]
  .text              ro code  0x6000'5ca4   0x12a  system_MIMXRT1052.o [1]
  .text              ro code  0x6000'5dce     0x2  startup_MIMXRT1052.o [1]
  .rodata            const    0x6000'5dd0    0x5c  fsl_debug_console.o [1]
  .rodata            const    0x6000'5e2c    0x54  fsl_io.o [1]
  .rodata            const    0x6000'5e80    0x54  fsl_log.o [1]
  .rodata            const    0x6000'5ed4    0x54  fsl_lpuart.o [1]
  .rodata            const    0x6000'5f28    0x50  clock_config.o [1]
  .rodata            const    0x6000'5f78    0x50  fsl_lpuart.o [1]
  .rodata            const    0x6000'5fc8    0x50  pin_mux.o [1]
  .rodata            const    0x6000'6018    0x40  fsl_lpuart.o [1]
  .rodata            const    0x6000'6058    0x2c  fsl_assert.o [1]
  .text              ro code  0x6000'6084    0x2c  copy_init3.o [5]
  .text              ro code  0x6000'60b0    0x28  startup_MIMXRT1052.o [1]
  .text              ro code  0x6000'60d8    0x28  data_init.o [5]
  .rodata            const    0x6000'6100    0x24  fsl_lpuart.o [1]
  .text              ro code  0x6000'6124    0x22  fpinit_M.o [4]
  .iar.init_table    const    0x6000'6148    0x24  - Linker created -
  .rodata            const    0x6000'616c     0x1  clock_config.o [1]
  .rodata            const    0x6000'616d     0x1  unwind_debug.o [6]
  .rodata            const    0x6000'6170    0x20  fsl_lpuart.o [1]
  .rodata            const    0x6000'6190    0x20  fsl_lpuart.o [1]
  .text              ro code  0x6000'61b0    0x1e  cmain.o [5]
  .text              ro code  0x6000'61ce     0x4  low_level_init.o [2]
  .text              ro code  0x6000'61d2     0x4  exit.o [2]
  .text              ro code  0x6000'61d8     0xa  cexit.o [5]
  .text              ro code  0x6000'61e4    0x14  exit.o [6]
  .rodata            const    0x6000'61f8    0x18  clock_config.o [1]
  .rodata            const    0x6000'6210    0x18  fsl_lpuart.o [1]
  .rodata            const    0x6000'6228    0x14  fsl_lpuart.o [1]
  .rodata            const    0x6000'623c    0x10  fsl_clock.o [1]
  .rodata            const    0x6000'624c    0x10  fsl_debug_console.o [1]
  .rodata            const    0x6000'625c     0xc  clock_config.o [1]
  .rodata            const    0x6000'6268     0xc  fsl_log.o [1]
  .rodata            const    0x6000'6274     0xc  fsl_lpuart.o [1]
  .rodata            const    0x6000'6280     0xc  pin_mux.o [1]
  .text              ro code  0x6000'628c     0xc  cstartup_M.o [5]
  .rodata            const    0x6000'6298     0x8  fsl_io.o [1]
  .rodata            const    0x6000'62a0     0x8  fsl_lpuart.o [1]
  .rodata            const    0x6000'62a8     0x8  fsl_lpuart.o [1]
  .rodata            const    0x6000'62b0     0x8  main.o [1]
  .rodata            const    0x6000'62b8     0x8  main.o [1]
  .rodata            const    0x6000'62c0     0x8  tasks.o [1]
  .rodata            const    0x6000'62c8     0x8  timers.o [1]
  .rodata            const    0x6000'62d0     0x8  timers.o [1]
  .text              ro code  0x6000'62d8     0x8  startup_MIMXRT1052.o [1]
  .text              ro code  0x6000'62e0     0x8  startup_MIMXRT1052.o [1]
  .text              ro code  0x6000'62e8     0x8  startup_MIMXRT1052.o [1]
  .text              ro code  0x6000'62f0     0x8  startup_MIMXRT1052.o [1]
  .text              ro code  0x6000'62f8     0x8  startup_MIMXRT1052.o [1]
  .text              ro code  0x6000'6300     0x8  startup_MIMXRT1052.o [1]
  .text              ro code  0x6000'6308     0x8  startup_MIMXRT1052.o [1]
  .text              ro code  0x6000'6310     0x8  startup_MIMXRT1052.o [1]
  .text              ro code  0x6000'6318     0x8  startup_MIMXRT1052.o [1]
  .text              ro code  0x6000'6320     0x8  startup_MIMXRT1052.o [1]
  .text              ro code  0x6000'6328     0x8  startup_MIMXRT1052.o [1]
  .text              ro code  0x6000'6330     0x8  startup_MIMXRT1052.o [1]
  .text              ro code  0x6000'6338     0x8  startup_MIMXRT1052.o [1]
  .text              ro code  0x6000'6340     0x8  startup_MIMXRT1052.o [1]
  .text              ro code  0x6000'6348     0x8  startup_MIMXRT1052.o [1]
  .text              ro code  0x6000'6350     0x8  startup_MIMXRT1052.o [1]
  .text              ro code  0x6000'6358     0x8  startup_MIMXRT1052.o [1]
  .text              ro code  0x6000'6360     0x8  startup_MIMXRT1052.o [1]
  .text              ro code  0x6000'6368     0x8  startup_MIMXRT1052.o [1]
  .text              ro code  0x6000'6370     0x8  startup_MIMXRT1052.o [1]
  .text              ro code  0x6000'6378     0x8  startup_MIMXRT1052.o [1]
  .text              ro code  0x6000'6380     0x8  startup_MIMXRT1052.o [1]
  .text              ro code  0x6000'6388     0x8  startup_MIMXRT1052.o [1]
  .text              ro code  0x6000'6390     0x8  startup_MIMXRT1052.o [1]
  .text              ro code  0x6000'6398     0x8  startup_MIMXRT1052.o [1]
  .text              ro code  0x6000'63a0     0x8  startup_MIMXRT1052.o [1]
  .text              ro code  0x6000'63a8     0x8  startup_MIMXRT1052.o [1]
  .text              ro code  0x6000'63b0     0x8  startup_MIMXRT1052.o [1]
  .text              ro code  0x6000'63b8     0x8  startup_MIMXRT1052.o [1]
  .text              ro code  0x6000'63c0     0x8  startup_MIMXRT1052.o [1]
  .text              ro code  0x6000'63c8     0x8  startup_MIMXRT1052.o [1]
  .text              ro code  0x6000'63d0     0x8  startup_MIMXRT1052.o [1]
  .text              ro code  0x6000'63d8     0x8  startup_MIMXRT1052.o [1]
  .text              ro code  0x6000'63e0     0x8  startup_MIMXRT1052.o [1]
  .text              ro code  0x6000'63e8     0x8  startup_MIMXRT1052.o [1]
  .text              ro code  0x6000'63f0     0x8  startup_MIMXRT1052.o [1]
  .text              ro code  0x6000'63f8     0x8  startup_MIMXRT1052.o [1]
  .text              ro code  0x6000'6400     0x8  startup_MIMXRT1052.o [1]
  .text              ro code  0x6000'6408     0x8  startup_MIMXRT1052.o [1]
  .text              ro code  0x6000'6410     0x8  startup_MIMXRT1052.o [1]
  .text              ro code  0x6000'6418     0x8  startup_MIMXRT1052.o [1]
  .text              ro code  0x6000'6420     0x8  startup_MIMXRT1052.o [1]
  .text              ro code  0x6000'6428     0x8  startup_MIMXRT1052.o [1]
  .text              ro code  0x6000'6430     0x8  startup_MIMXRT1052.o [1]
  .text              ro code  0x6000'6438     0x8  startup_MIMXRT1052.o [1]
  .text              ro code  0x6000'6440     0x8  startup_MIMXRT1052.o [1]
  .text              ro code  0x6000'6448     0x8  startup_MIMXRT1052.o [1]
  Initializer bytes  const    0x6000'6450     0x8  <for RW-1>
  .rodata            const    0x6000'6458     0x4  clock_config.o [1]
  .rodata            const    0x6000'645c     0x4  port.o [1]
  .text              ro code  0x6000'6460     0x4  startup_MIMXRT1052.o [1]
  .rodata            const    0x6000'6464     0x0  zero_init3.o [5]
  .rodata            const    0x6000'6464     0x0  copy_init3.o [5]
                            - 0x6000'6464  0x4064

Unused ranges:

         From           To        Size
         ----           --        ----
  0x2000'0008  0x2000'001f        0x18
  0x2000'29ec  0x2001'7fff    0x1'5614
  0x6000'6464  0x63ff'ffff  0x3ff'9b9c


*******************************************************************************
*** INIT TABLE
***

          Address      Size
          -------      ----
Zero (__iar_zero_init3)
    1 destination range, total size 0x29cc:
          0x2000'0020  0x29cc

Copy (__iar_copy_init3)
    1 source range, total size 0x8:
          0x6000'6450     0x8
    1 destination range, total size 0x8:
          0x2000'0000     0x8



*******************************************************************************
*** MODULE SUMMARY
***

    Module                  ro code  ro data  rw data
    ------                  -------  -------  -------
command line/config:
    -------------------------------------------------
    Total:

D:\智能车\麦轮信标\程序\RT1052library_cpp-rtos\project\IAR\Debug\Obj: [1]
    board.o                     768
    clock_config.o            1 036      121
    fsl_assert.o                 24       44
    fsl_clock.o                 760       16        8
    fsl_debug_console.o         170      108
    fsl_io.o                    200       92        8
    fsl_log.o                   112       96
    fsl_lpuart.o              1 184      400
    fsl_str.o                   722
    fsl_tickless_systick.o       48
    heap_4.o                    584            10 264
    list.o                      152
    main.o                      226       16       28
    pin_mux.o                 1 464       92
    port.o                      524        8        9
    portasm.o                   168
    queue.o                   1 790                64
    startup_MIMXRT1052.o      1 456
    system_MIMXRT1052.o         298        4        4
    tasks.o                   2 536        8      260
    timers.o                  1 024       16       60
    -------------------------------------------------
    Total:                   15 246    1 021   10 705

dl7M_tlf.a: [2]
    exit.o                        4
    low_level_init.o              4
    -------------------------------------------------
    Total:                        8

dlpp7M_tl_fc.a: [3]
    -------------------------------------------------
    Total:

m7M_tlv.a: [4]
    fpinit_M.o                   34
    -------------------------------------------------
    Total:                       34

rt7M_tl.a: [5]
    ABImemclr4.o                  6
    ABImemcpy.o                 166
    ABImemset.o                 102
    ABImemset48.o                50
    I64DivMod.o                 560
    I64DivZer.o                   2
    cexit.o                      10
    cmain.o                      30
    copy_init3.o                 44
    cstartup_M.o                 12
    data_init.o                  40
    strlen.o                     54
    zero_init3.o                 58
    -------------------------------------------------
    Total:                    1 134

shb_l.a: [6]
    exit.o                       20
    unwind_debug.o                         1
    -------------------------------------------------
    Total:                       20        1

    Gaps                          4        4        3
    Linker created                        36   32 768
-----------------------------------------------------
    Grand Total:             16 446    1 062   43 476


*******************************************************************************
*** ENTRY LIST
***

Entry                       Address    Size  Type      Object
-----                       -------    ----  ----      ------
.iar.init_table$$Base   0x6000'6148           --   Gb  - Linker created -
.iar.init_table$$Limit  0x6000'616c           --   Gb  - Linker created -
?main                   0x6000'61b1          Code  Gb  cmain.o [5]
BOARD_BootClockRUN      0x6000'4a69   0x22c  Code  Gb  clock_config.o [1]
BOARD_ConfigMPU         0x6000'42e5    0x74  Code  Gb  board.o [1]
BOARD_DebugConsoleSrcFreq
                        0x6000'428b    0x42  Code  Gb  board.o [1]
BOARD_InitDEBUG_UARTPins()
                        0x6000'444f    0x64  Code  Gb  pin_mux.o [1]
BOARD_InitDebugConsole  0x6000'42cd    0x18  Code  Gb  board.o [1]
BOARD_InitSDRAMPins()   0x6000'44cd   0x384  Code  Gb  pin_mux.o [1]
CLOCK_GetPllFreq        0x6000'4e3d   0x1c6  Code  Gb  fsl_clock.o [1]
CLOCK_InitArmPll        0x6000'4df3    0x18  Code  Gb  fsl_clock.o [1]
CLOCK_InitSysPfd        0x6000'5003    0x3a  Code  Gb  fsl_clock.o [1]
CLOCK_InitSysPll        0x6000'4e0b    0x18  Code  Gb  fsl_clock.o [1]
CLOCK_InitUsb1Pll       0x6000'4e23    0x1a  Code  Gb  fsl_clock.o [1]
CSTACK$$Base            0x2001'8000           --   Gb  - Linker created -
CSTACK$$Limit           0x2002'0000           --   Gb  - Linker created -
DbgConsole_Init         0x6000'5091    0x30  Code  Gb  fsl_debug_console.o [1]
DbgConsole_Printf       0x6000'50c9    0x32  Code  Gb  fsl_debug_console.o [1]
FreeCount               0x2000'2848     0x4  Data  Gb  main.o [1]
IO_Init                 0x6000'5705    0x54  Code  Gb  fsl_io.o [1]
IO_Transfer             0x6000'5759    0x32  Code  Gb  fsl_io.o [1]
LOG_Init                0x6000'5385    0x1a  Code  Gb  fsl_log.o [1]
LOG_Pop                 0x6000'53c3    0x28  Code  Gb  fsl_log.o [1]
LOG_Push                0x6000'539f    0x24  Code  Gb  fsl_log.o [1]
LPUART_ClearStatusFlags
                        0x6000'5b25    0x4c  Code  Gb  fsl_lpuart.o [1]
LPUART_GetDefaultConfig
                        0x6000'5ab9    0x5c  Code  Gb  fsl_lpuart.o [1]
LPUART_GetInstance(LPUART_Type *)
                        0x6000'5869    0x32  Code  Gb  fsl_lpuart.o [1]
LPUART_GetStatusFlags   0x6000'5b15    0x10  Code  Gb  fsl_lpuart.o [1]
LPUART_Init             0x6000'589b   0x21e  Code  Gb  fsl_lpuart.o [1]
LPUART_ReadBlocking     0x6000'5ba9    0xbe  Code  Gb  fsl_lpuart.o [1]
LPUART_WriteBlocking    0x6000'5b71    0x38  Code  Gb  fsl_lpuart.o [1]
RT1052System::RT1052System()
                        0x6000'400b    0x22  Code  Gb  main.o [1]
RW$$Base                0x2000'0000           --   Gb  - Linker created -
RW$$Limit               0x2000'0008           --   Gb  - Linker created -
Region$$Table$$Base     0x6000'6148           --   Gb  - Linker created -
Region$$Table$$Limit    0x6000'616c           --   Gb  - Linker created -
StrFormatPrintf         0x6000'5485   0x248  Code  Gb  fsl_str.o [1]
SystemCoreClock         0x2000'0004     0x4  Data  Gb  system_MIMXRT1052.o [1]
SystemInit              0x6000'5d21    0x78  Code  Gb  system_MIMXRT1052.o [1]
Task1                   0x2000'285c     0x4  Data  Gb  main.o [1]
Task1_count             0x2000'284c     0x4  Data  Gb  main.o [1]
Task2                   0x2000'2860     0x4  Data  Gb  main.o [1]
Task2_count             0x2000'2850     0x4  Data  Gb  main.o [1]
ZI$$Base                0x2000'0020           --   Gb  - Linker created -
ZI$$Limit               0x2000'29ec           --   Gb  - Linker created -
[local to board_c]::ARM_MPU_Disable()
                        0x6000'40f5    0x22  Code  Lc  board.o [1]
[local to board_c]::ARM_MPU_Enable(unsigned int)
                        0x6000'40d5    0x20  Code  Lc  board.o [1]
[local to board_c]::CLOCK_GetDiv(_clock_div)
                        0x6000'4249    0x2a  Code  Lc  board.o [1]
[local to board_c]::CLOCK_GetMux(_clock_mux)
                        0x6000'421f    0x2a  Code  Lc  board.o [1]
[local to board_c]::CLOCK_GetOscFreq()
                        0x6000'4273    0x18  Code  Lc  board.o [1]
[local to board_c]::SCB_DisableDCache()
                        0x6000'41c5    0x5a  Code  Lc  board.o [1]
[local to board_c]::SCB_DisableICache()
                        0x6000'4145    0x26  Code  Lc  board.o [1]
[local to board_c]::SCB_EnableDCache()
                        0x6000'416b    0x5a  Code  Lc  board.o [1]
[local to board_c]::SCB_EnableICache()
                        0x6000'4117    0x2e  Code  Lc  board.o [1]
[local to clock_config_c]::CLOCK_SetDiv(_clock_div, unsigned int)
                        0x6000'49f5    0x68  Code  Lc  clock_config.o [1]
[local to clock_config_c]::CLOCK_SetMux(_clock_mux, unsigned int)
                        0x6000'498d    0x68  Code  Lc  clock_config.o [1]
[local to clock_config_c]::CLOCK_SetRtcXtalFreq(unsigned int)
                        0x6000'4a63     0x6  Code  Lc  clock_config.o [1]
[local to clock_config_c]::CLOCK_SetXtalFreq(unsigned int)
                        0x6000'4a5d     0x6  Code  Lc  clock_config.o [1]
[local to fsl_clock_c]::CLOCK_GetOscFreq()
                        0x6000'4dbf    0x18  Code  Lc  fsl_clock.o [1]
[local to fsl_clock_c]::CLOCK_GetPllBypassRefClk(CCM_ANALOG_Type *, _clock_pll)
                        0x6000'4dd7    0x1c  Code  Lc  fsl_clock.o [1]
[local to fsl_clock_c]::CLOCK_IsPllBypassed(CCM_ANALOG_Type *, _clock_pll)
                        0x6000'4d99    0x10  Code  Lc  fsl_clock.o [1]
[local to fsl_clock_c]::CLOCK_IsPllEnabled(CCM_ANALOG_Type *, _clock_pll)
                        0x6000'4da9    0x16  Code  Lc  fsl_clock.o [1]
[local to fsl_debug_console_c]::DbgConsole_RelocateLog(char *, int *, char, int)
                        0x6000'50fd    0x3e  Code  Lc  fsl_debug_console.o [1]
[local to fsl_io_c]::LPUART_EnableRx(LPUART_Type *, bool)
                        0x6000'56eb    0x1a  Code  Lc  fsl_io.o [1]
[local to fsl_io_c]::LPUART_EnableTx(LPUART_Type *, bool)
                        0x6000'56d1    0x1a  Code  Lc  fsl_io.o [1]
[local to fsl_lpuart_c]::CLOCK_ControlGate(_clock_ip_name, _clock_gate_value)
                        0x6000'5805    0x46  Code  Lc  fsl_lpuart.o [1]
[local to fsl_lpuart_c]::CLOCK_EnableClock(_clock_ip_name)
                        0x6000'584b     0xc  Code  Lc  fsl_lpuart.o [1]
[local to fsl_lpuart_c]::LPUART_SoftwareReset(LPUART_Type *)
                        0x6000'5857    0x12  Code  Lc  fsl_lpuart.o [1]
[local to fsl_str_c]::ConvertRadixNumToString(char *, void *, int, int, bool)
                        0x6000'53fb    0x8a  Code  Lc  fsl_str.o [1]
[local to heap_4_c]::prvHeapInit()
                        0x6000'2f5d    0x5a  Code  Lc  heap_4.o [1]
[local to heap_4_c]::prvInsertBlockIntoFreeList(A_BLOCK_LINK *)
                        0x6000'2fb7    0x5e  Code  Lc  heap_4.o [1]
[local to main_cpp]::__NVIC_SetPriorityGrouping(unsigned int)
                        0x6000'3775    0x1a  Code  Lc  main.o [1]
[local to pin_mux_c]::CLOCK_ControlGate(_clock_ip_name, _clock_gate_value)
                        0x6000'43d5    0x46  Code  Lc  pin_mux.o [1]
[local to pin_mux_c]::CLOCK_EnableClock(_clock_ip_name)
                        0x6000'441b     0xc  Code  Lc  pin_mux.o [1]
[local to pin_mux_c]::IOMUXC_SetPinConfig(unsigned int, unsigned int, unsigned int, unsigned int, unsigned int, unsigned int)
                        0x6000'4443     0xc  Code  Lc  pin_mux.o [1]
[local to pin_mux_c]::IOMUXC_SetPinMux(unsigned int, unsigned int, unsigned int, unsigned int, unsigned int, unsigned int)
                        0x6000'4427    0x1c  Code  Lc  pin_mux.o [1]
[local to port_c]::prvTaskExitError()
                        0x6000'3191    0x2a  Code  Lc  port.o [1]
[local to queue_c]::prvCopyDataFromQueue(QueueDefinition *, void *)
                        0x6000'3ec3    0x2a  Code  Lc  queue.o [1]
[local to queue_c]::prvCopyDataToQueue(QueueDefinition *, void const *, long)
                        0x6000'3e3d    0x86  Code  Lc  queue.o [1]
[local to queue_c]::prvInitialiseNewQueue(unsigned long, unsigned long, unsigned char *, unsigned char, QueueDefinition *)
                        0x6000'39e9    0x22  Code  Lc  queue.o [1]
[local to queue_c]::prvIsQueueEmpty(QueueDefinition const *)
                        0x6000'3f5b    0x1c  Code  Lc  queue.o [1]
[local to queue_c]::prvIsQueueFull(QueueDefinition const *)
                        0x6000'3f77    0x1e  Code  Lc  queue.o [1]
[local to queue_c]::prvUnlockQueue(QueueDefinition *)
                        0x6000'3eed    0x6e  Code  Lc  queue.o [1]
[local to system_MIMXRT1052_c]::SCB_EnableDCache()
                        0x6000'5ccf    0x52  Code  Lc  system_MIMXRT1052.o [1]
[local to system_MIMXRT1052_c]::SCB_EnableICache()
                        0x6000'5ca5    0x2a  Code  Lc  system_MIMXRT1052.o [1]
[local to tasks_c]::prvAddCurrentTaskToDelayedList(unsigned int, long)
                        0x6000'2d3d    0x6e  Code  Lc  tasks.o [1]
[local to tasks_c]::prvAddNewTaskToReadyList(tskTaskControlBlock *)
                        0x6000'2535    0x9e  Code  Lc  tasks.o [1]
[local to tasks_c]::prvCheckTasksWaitingTermination()
                        0x6000'2b1d    0x54  Code  Lc  tasks.o [1]
[local to tasks_c]::prvDeleteTCB(tskTaskControlBlock *)
                        0x6000'2b71    0x12  Code  Lc  tasks.o [1]
[local to tasks_c]::prvIdleTask(void *)
                        0x6000'2a91    0x28  Code  Lc  tasks.o [1]
[local to tasks_c]::prvInitialiseNewTask(void (*)(void *), char const *, unsigned int, void *, unsigned long, void **, tskTaskControlBlock *, xMEMORY_REGION const *)
                        0x6000'246f    0xc6  Code  Lc  tasks.o [1]
[local to tasks_c]::prvInitialiseTaskLists()
                        0x6000'2ac5    0x54  Code  Lc  tasks.o [1]
[local to tasks_c]::prvResetNextTaskUnblockTime()
                        0x6000'2b83    0x24  Code  Lc  tasks.o [1]
[local to timers_c]::prvCheckForValidListAndQueue()
                        0x6000'3705    0x46  Code  Lc  timers.o [1]
[local to timers_c]::prvGetNextExpireTime(long *)
                        0x6000'3509    0x28  Code  Lc  timers.o [1]
[local to timers_c]::prvInsertTimerInActiveList(tmrTimerControl *, unsigned int, unsigned int, unsigned int)
                        0x6000'3557    0x3e  Code  Lc  timers.o [1]
[local to timers_c]::prvProcessExpiredTimer(unsigned int, unsigned int)
                        0x6000'341f    0x5a  Code  Lc  timers.o [1]
[local to timers_c]::prvProcessReceivedCommands()
                        0x6000'3595    0xfe  Code  Lc  timers.o [1]
[local to timers_c]::prvProcessTimerOrBlockTask(unsigned int, long)
                        0x6000'3493    0x76  Code  Lc  timers.o [1]
[local to timers_c]::prvSampleTimeNow(long *)
                        0x6000'3531    0x26  Code  Lc  timers.o [1]
[local to timers_c]::prvSwitchTimerLists()
                        0x6000'3693    0x72  Code  Lc  timers.o [1]
[local to timers_c]::prvTimerTask(void *)
                        0x6000'347d    0x16  Code  Lc  timers.o [1]
__RAM_VECTOR_TABLE_SIZE {Abs}
                                0x0          Data  Gb  <internal module>
__VECTOR_RAM {Abs}      0x6000'2000          Data  Gb  <internal module>
__VECTOR_TABLE {Abs}    0x6000'2000          Data  Gb  <internal module>
__Vectors               0x6000'2000           --   Gb  startup_MIMXRT1052.o [1]
__Vectors_End           0x6000'2400          Data  Gb  startup_MIMXRT1052.o [1]
__Vectors_Size {Abs}          0x400           --   Gb  startup_MIMXRT1052.o [1]
__aeabi_assert          0x6000'513d    0x18  Code  Gb  fsl_assert.o [1]
__aeabi_ldiv0           0x6000'56cd          Code  Gb  I64DivZer.o [5]
__aeabi_memclr4         0x6000'53f5          Code  Gb  ABImemclr4.o [5]
__aeabi_memcpy          0x6000'402d          Code  Gb  ABImemcpy.o [5]
__aeabi_memcpy4         0x6000'404d          Code  Gb  ABImemcpy.o [5]
__aeabi_memcpy8         0x6000'404d          Code  Gb  ABImemcpy.o [5]
__aeabi_memset          0x6000'3031          Code  Gb  ABImemset.o [5]
__aeabi_uldivmod        0x6000'5155          Code  Gb  I64DivMod.o [5]
__cmain                 0x6000'61b1          Code  Gb  cmain.o [5]
__exit                  0x6000'61e5    0x14  Code  Gb  exit.o [6]
__iar_Memset            0x6000'3031          Code  Gb  ABImemset.o [5]
__iar_Memset4_word      0x6000'5799          Code  Gb  ABImemset48.o [5]
__iar_Memset8_word      0x6000'5799          Code  Gb  ABImemset48.o [5]
__iar_Memset_word       0x6000'3039          Code  Gb  ABImemset.o [5]
__iar_copy_init3        0x6000'6085    0x2c  Code  Gb  copy_init3.o [5]
__iar_data_init3        0x6000'60d9    0x28  Code  Gb  data_init.o [5]
__iar_debug_exceptions  0x6000'616d     0x1  Data  Gb  unwind_debug.o [6]
__iar_init_vfp          0x6000'6125          Code  Gb  fpinit_M.o [4]
__iar_program_start     0x6000'628d          Code  Gb  cstartup_M.o [5]
__iar_zero_init3        0x6000'312f    0x3a  Code  Gb  zero_init3.o [5]
__low_level_init        0x6000'61cf     0x4  Code  Gb  low_level_init.o [2]
__vector_table          0x6000'2000          Data  Gb  startup_MIMXRT1052.o [1]
__vector_table_0x1c     0x6000'201c          Data  Gb  startup_MIMXRT1052.o [1]
_call_main              0x6000'61bd          Code  Gb  cmain.o [5]
_exit                   0x6000'61d9          Code  Gb  cexit.o [5]
_main                   0x6000'61cb          Code  Gb  cmain.o [5]
armPllConfig_BOARD_BootClockRUN
                        0x6000'6458     0x4  Data  Lc  clock_config.o [1]
exit                    0x6000'61d3     0x4  Code  Gb  exit.o [2]
g_rtcXtalFreq           0x2000'0024     0x4  Data  Gb  fsl_clock.o [1]
g_xtalFreq              0x2000'0020     0x4  Data  Gb  fsl_clock.o [1]
m_boot_hdr_conf_start {Abs}
                        0x6000'0000          Data  Gb  <internal module>
main                    0x6000'37c5    0x3e  Code  Gb  main.o [1]
pcInterruptPriorityRegisters
                        0x6000'645c     0x4  Data  Lc  port.o [1]
prvSampleTimeNow(long *)::xLastTime
                        0x2000'29e8     0x4  Data  Lc  timers.o [1]
pvPortMalloc            0x6000'2de9   0x108  Code  Gb  heap_4.o [1]
pvTaskIncrementMutexHeldCount
                        0x6000'2d07    0x16  Code  Gb  tasks.o [1]
pxCurrentTCB            0x2000'28ac     0x4  Data  Gb  tasks.o [1]
pxCurrentTimerList      0x2000'29d8     0x4  Data  Lc  timers.o [1]
pxDelayedTaskList       0x2000'293c     0x4  Data  Lc  tasks.o [1]
pxEnd                   0x2000'2838     0x4  Data  Lc  heap_4.o [1]
pxOverflowDelayedTaskList
                        0x2000'2940     0x4  Data  Lc  tasks.o [1]
pxOverflowTimerList     0x2000'29dc     0x4  Data  Lc  timers.o [1]
pxPortInitialiseStack   0x6000'3169    0x28  Code  Gb  port.o [1]
pxReadyTasksLists       0x2000'28b0    0x64  Data  Lc  tasks.o [1]
s_debugConsoleIO        0x2000'0028     0x8  Data  Lc  fsl_io.o [1]
s_lpuartBases           0x6000'6100    0x24  Data  Lc  fsl_lpuart.o [1]
s_lpuartClock           0x6000'6228    0x14  Data  Lc  fsl_lpuart.o [1]
state                   0x2000'2854     0x8  Data  Gb  main.o [1]
strlen                  0x6000'57cd          Code  Gb  strlen.o [5]
sysPllConfig_BOARD_BootClockRUN
                        0x6000'625c     0xc  Data  Lc  clock_config.o [1]
ucHeap                  0x2000'0030  0x2800  Data  Lc  heap_4.o [1]
ucMaxSysCallPriority    0x2000'2864     0x1  Data  Lc  port.o [1]
ulMaxPRIGROUPValue      0x2000'2868     0x4  Data  Lc  port.o [1]
usb1PllConfig_BOARD_BootClockRUN
                        0x6000'616c     0x1  Data  Lc  clock_config.o [1]
uxCriticalNesting       0x2000'0000     0x4  Data  Lc  port.o [1]
uxCurrentNumberOfTasks  0x2000'2984     0x4  Data  Lc  tasks.o [1]
uxDeletedTasksWaitingCleanUp
                        0x2000'296c     0x4  Data  Lc  tasks.o [1]
uxListRemove            0x6000'3109    0x26  Code  Gb  list.o [1]
uxPendedTicks           0x2000'2994     0x4  Data  Lc  tasks.o [1]
uxSchedulerSuspended    0x2000'29ac     0x4  Data  Lc  tasks.o [1]
uxTaskNumber            0x2000'29a0     0x4  Data  Lc  tasks.o [1]
uxTopReadyPriority      0x2000'298c     0x4  Data  Lc  tasks.o [1]
vApplicationIdleHook    0x6000'378f     0xa  Code  Gb  main.o [1]
vListInitialise         0x6000'3097    0x1e  Code  Gb  list.o [1]
vListInitialiseItem     0x6000'30b5     0x6  Code  Gb  list.o [1]
vListInsert             0x6000'30d3    0x36  Code  Gb  list.o [1]
vListInsertEnd          0x6000'30bb    0x18  Code  Gb  list.o [1]
vPortEnableVFP          0x6000'38f1          Code  Gb  portasm.o [1]
vPortEnterCritical      0x6000'326f    0x34  Code  Gb  port.o [1]
vPortExitCritical       0x6000'32a3    0x2c  Code  Gb  port.o [1]
vPortFree               0x6000'2ef1    0x6c  Code  Gb  heap_4.o [1]
vPortSVCHandler         0x6000'38bd          Code  Gb  portasm.o [1]
vPortSetupTimerInterrupt
                        0x6000'3835    0x30  Code  Wk  fsl_tickless_systick.o [1]
vPortStartFirstTask     0x6000'38d9          Code  Gb  portasm.o [1]
vPortValidateInterruptPriority
                        0x6000'32f9    0x4a  Code  Gb  port.o [1]
vQueueAddToRegistry     0x6000'3f95    0x24  Code  Gb  queue.o [1]
vQueueWaitForMessageRestricted
                        0x6000'3fc1    0x4a  Code  Gb  queue.o [1]
vTask1(void *)          0x6000'3799    0x16  Code  Gb  main.o [1]
vTask2(void *)          0x6000'37af    0x16  Code  Gb  main.o [1]
vTaskDelay              0x6000'25d3    0x4c  Code  Gb  tasks.o [1]
vTaskMissedYield        0x6000'2a81     0xa  Code  Gb  tasks.o [1]
vTaskPlaceOnEventList   0x6000'28d3    0x2e  Code  Gb  tasks.o [1]
vTaskPlaceOnEventListRestricted
                        0x6000'2901    0x38  Code  Gb  tasks.o [1]
vTaskPriorityInherit    0x6000'2bcd    0x8c  Code  Gb  tasks.o [1]
vTaskSetTimeOutState    0x6000'29d5    0x26  Code  Gb  tasks.o [1]
vTaskStartScheduler     0x6000'261f    0x76  Code  Gb  tasks.o [1]
vTaskSuspendAll         0x6000'2695     0xc  Code  Gb  tasks.o [1]
vTaskSwitchContext      0x6000'2869    0x6a  Code  Gb  tasks.o [1]
xActiveTimerList1       0x2000'29b0    0x14  Data  Lc  timers.o [1]
xActiveTimerList2       0x2000'29c4    0x14  Data  Lc  timers.o [1]
xBlockAllocatedBit      0x2000'2844     0x4  Data  Lc  heap_4.o [1]
xDelayedTaskList1       0x2000'2914    0x14  Data  Lc  tasks.o [1]
xDelayedTaskList2       0x2000'2928    0x14  Data  Lc  tasks.o [1]
xFreeBytesRemaining     0x2000'283c     0x4  Data  Lc  heap_4.o [1]
xIdleTaskHandle         0x2000'29a8     0x4  Data  Lc  tasks.o [1]
xMinimumEverFreeBytesRemaining
                        0x2000'2840     0x4  Data  Lc  heap_4.o [1]
xNextTaskUnblockTime    0x2000'29a4     0x4  Data  Lc  tasks.o [1]
xNumOfOverflows         0x2000'299c     0x4  Data  Lc  tasks.o [1]
xPendingReadyList       0x2000'2944    0x14  Data  Lc  tasks.o [1]
xPortPendSVHandler      0x6000'3865          Code  Gb  portasm.o [1]
xPortStartScheduler     0x6000'31bb    0xb4  Code  Gb  port.o [1]
xPortSysTickHandler     0x6000'32cf    0x28  Code  Gb  port.o [1]
xQueueGenericCreate     0x6000'399f    0x4a  Code  Gb  queue.o [1]
xQueueGenericReceive    0x6000'3c7f   0x1be  Code  Gb  queue.o [1]
xQueueGenericReset      0x6000'390d    0x92  Code  Gb  queue.o [1]
xQueueGenericSend       0x6000'3a0b   0x196  Code  Gb  queue.o [1]
xQueueGenericSendFromISR
                        0x6000'3ba1    0xde  Code  Gb  queue.o [1]
xQueueRegistry          0x2000'286c    0x40  Data  Gb  queue.o [1]
xSchedulerRunning       0x2000'2990     0x4  Data  Lc  tasks.o [1]
xStart                  0x2000'2830     0x8  Data  Lc  heap_4.o [1]
xSuspendedTaskList      0x2000'2970    0x14  Data  Lc  tasks.o [1]
xTaskCheckForTimeOut    0x6000'2a01    0x80  Code  Gb  tasks.o [1]
xTaskCreate             0x6000'2401    0x6e  Code  Gb  tasks.o [1]
xTaskGetSchedulerState  0x6000'2ba7    0x20  Code  Gb  tasks.o [1]
xTaskGetTickCount       0x6000'2785     0x8  Code  Gb  tasks.o [1]
xTaskIncrementTick      0x6000'278d    0xdc  Code  Gb  tasks.o [1]
xTaskPriorityDisinherit
                        0x6000'2c59    0xae  Code  Gb  tasks.o [1]
xTaskRemoveFromEventList
                        0x6000'2955    0x80  Code  Gb  tasks.o [1]
xTaskResumeAll          0x6000'26a1    0xe4  Code  Gb  tasks.o [1]
xTasksWaitingTermination
                        0x2000'2958    0x14  Data  Lc  tasks.o [1]
xTickCount              0x2000'2988     0x4  Data  Lc  tasks.o [1]
xTimerCreateTimerTask   0x6000'3375    0x46  Code  Gb  timers.o [1]
xTimerGenericCommand    0x6000'33bb    0x64  Code  Gb  timers.o [1]
xTimerQueue             0x2000'29e0     0x4  Data  Lc  timers.o [1]
xTimerTaskHandle        0x2000'29e4     0x4  Data  Lc  timers.o [1]
xYieldPending           0x2000'2998     0x4  Data  Lc  tasks.o [1]


[1] = D:\智能车\麦轮信标\程序\RT1052library_cpp-rtos\project\IAR\Debug\Obj
[2] = dl7M_tlf.a
[3] = dlpp7M_tl_fc.a
[4] = m7M_tlv.a
[5] = rt7M_tl.a
[6] = shb_l.a

  16 446 bytes of readonly  code memory
   1 062 bytes of readonly  data memory
  43 476 bytes of readwrite data memory

Errors: none
Warnings: none
